2026-07-30 05:15:47,142 - aqt.helper - DEBUG - helper 38248 Attempt to download checksum at https://download.qt.io/online/qtsdkrepository/windows_x86/desktop/qt6_6103/qt6_6103/Updates.xml.sha256
2026-07-30 05:15:48,568 - aqt.helper - DEBUG - helper 38248 Attempt to download checksum at https://download.qt.io/online/qtsdkrepository/windows_x86/extensions/qtpdf/6103/msvc2022_64/Updates.xml.sha256
2026-07-30 05:15:49,868 - aqt.helper - DEBUG - helper 38248 Attempt to download checksum at https://download.qt.io/online/qtsdkrepository/windows_x86/extensions/qtwebengine/6103/msvc2022_64/Updates.xml.sha256
2026-07-30 05:15:57,275 - aqt.main - INFO - installer 41156 aqtinstall(aqt) v3.3.0 on Python 3.12.8 [CPython MSC v.1942 64 bit (AMD64)]
2026-07-30 05:15:57,276 - aqt.helper - DEBUG - helper 41156 Attempt to download checksum at https://download.qt.io/online/qtsdkrepository/windows_x86/desktop/qt6_6103/qt6_6103/Updates.xml.sha256
2026-07-30 05:15:58,630 - aqt.helper - DEBUG - helper 41156 Attempt to download checksum at https://download.qt.io/online/qtsdkrepository/windows_x86/extensions/qtwebengine/6103/msvc2022_64/Updates.xml.sha256
2026-07-30 05:15:59,880 - aqt.archives - INFO - archives 41156 Found extension qtwebengine
2026-07-30 05:15:59,880 - aqt.helper - DEBUG - helper 41156 Attempt to download checksum at https://download.qt.io/online/qtsdkrepository/windows_x86/extensions/qtpdf/6103/msvc2022_64/Updates.xml.sha256
2026-07-30 05:16:01,707 - aqt.archives - INFO - archives 41156 Found extension qtpdf
2026-07-30 05:16:02,088 - aqt.helper - DEBUG - helper 32380 Attempt to download checksum at https://download.qt.io/online/qtsdkrepository/windows_x86/desktop/qt6_6103/qt6_6103/qt.qt6.6103.win64_msvc2022_64/6.10.3-0-202603310407qtbase-Windows-Windows_11_24H2-MSVC2022-Windows-Windows_11_24H2-X86_64.7z.sha256
2026-07-30 05:16:02,093 - aqt.helper - DEBUG - helper 30916 Attempt to download checksum at https://download.qt.io/online/qtsdkrepository/windows_x86/desktop/qt6_6103/qt6_6103/qt.qt6.6103.win64_msvc2022_64/6.10.3-0-202603310407qtsvg-Windows-Windows_11_24H2-MSVC2022-Windows-Windows_11_24H2-X86_64.7z.sha256
2026-07-30 05:16:02,106 - aqt.helper - DEBUG - helper 29128 Attempt to download checksum at https://download.qt.io/online/qtsdkrepository/windows_x86/desktop/qt6_6103/qt6_6103/qt.qt6.6103.win64_msvc2022_64/6.10.3-0-202603310407qtdeclarative-Windows-Windows_11_24H2-MSVC2022-Windows-Windows_11_24H2-X86_64.7z.sha256
2026-07-30 05:16:02,125 - aqt.helper - DEBUG - helper 17032 Attempt to download checksum at https://download.qt.io/online/qtsdkrepository/windows_x86/desktop/qt6_6103/qt6_6103/qt.qt6.6103.win64_msvc2022_64/6.10.3-0-202603310407qttools-Windows-Windows_11_24H2-MSVC2022-Windows-Windows_11_24H2-X86_64.7z.sha256
2026-07-30 05:16:02,919 - aqt.helper - INFO - helper 32380 Downloading qtbase...
2026-07-30 05:16:02,919 - aqt.installer - DEBUG - installer 32380 Download URL: https://download.qt.io/online/qtsdkrepository/windows_x86/desktop/qt6_6103/qt6_6103/qt.qt6.6103.win64_msvc2022_64/6.10.3-0-202603310407qtbase-Windows-Windows_11_24H2-MSVC2022-Windows-Windows_11_24H2-X86_64.7z
2026-07-30 05:16:02,940 - aqt.helper - INFO - helper 30916 Downloading qtsvg...
2026-07-30 05:16:02,940 - aqt.installer - DEBUG - installer 30916 Download URL: https://download.qt.io/online/qtsdkrepository/windows_x86/desktop/qt6_6103/qt6_6103/qt.qt6.6103.win64_msvc2022_64/6.10.3-0-202603310407qtsvg-Windows-Windows_11_24H2-MSVC2022-Windows-Windows_11_24H2-X86_64.7z
2026-07-30 05:16:02,954 - aqt.helper - INFO - helper 17032 Downloading qttools...
2026-07-30 05:16:02,954 - aqt.installer - DEBUG - installer 17032 Download URL: https://download.qt.io/online/qtsdkrepository/windows_x86/desktop/qt6_6103/qt6_6103/qt.qt6.6103.win64_msvc2022_64/6.10.3-0-202603310407qttools-Windows-Windows_11_24H2-MSVC2022-Windows-Windows_11_24H2-X86_64.7z
2026-07-30 05:16:03,055 - aqt.helper - INFO - helper 29128 Downloading qtdeclarative...
2026-07-30 05:16:03,055 - aqt.installer - DEBUG - installer 29128 Download URL: https://download.qt.io/online/qtsdkrepository/windows_x86/desktop/qt6_6103/qt6_6103/qt.qt6.6103.win64_msvc2022_64/6.10.3-0-202603310407qtdeclarative-Windows-Windows_11_24H2-MSVC2022-Windows-Windows_11_24H2-X86_64.7z
2026-07-30 05:16:03,706 - aqt.helper - DEBUG - helper 32380 Asked to redirect(302) to: https://ftp.fau.de/qtproject/online/qtsdkrepository/windows_x86/desktop/qt6_6103/qt6_6103/qt.qt6.6103.win64_msvc2022_64/6.10.3-0-202603310407qtbase-Windows-Windows_11_24H2-MSVC2022-Windows-Windows_11_24H2-X86_64.7z
2026-07-30 05:16:03,706 - aqt.helper - INFO - helper 32380 Redirected: ftp.fau.de
2026-07-30 05:16:03,732 - aqt.helper - DEBUG - helper 30916 Asked to redirect(302) to: https://ftp.fau.de/qtproject/online/qtsdkrepository/windows_x86/desktop/qt6_6103/qt6_6103/qt.qt6.6103.win64_msvc2022_64/6.10.3-0-202603310407qtsvg-Windows-Windows_11_24H2-MSVC2022-Windows-Windows_11_24H2-X86_64.7z
2026-07-30 05:16:03,732 - aqt.helper - INFO - helper 30916 Redirected: ftp.fau.de
2026-07-30 05:16:03,749 - aqt.helper - DEBUG - helper 17032 Asked to redirect(302) to: https://ftp.fau.de/qtproject/online/qtsdkrepository/windows_x86/desktop/qt6_6103/qt6_6103/qt.qt6.6103.win64_msvc2022_64/6.10.3-0-202603310407qttools-Windows-Windows_11_24H2-MSVC2022-Windows-Windows_11_24H2-X86_64.7z
2026-07-30 05:16:03,750 - aqt.helper - INFO - helper 17032 Redirected: ftp.fau.de
2026-07-30 05:16:03,819 - aqt.helper - DEBUG - helper 29128 Asked to redirect(302) to: https://ftp.fau.de/qtproject/online/qtsdkrepository/windows_x86/desktop/qt6_6103/qt6_6103/qt.qt6.6103.win64_msvc2022_64/6.10.3-0-202603310407qtdeclarative-Windows-Windows_11_24H2-MSVC2022-Windows-Windows_11_24H2-X86_64.7z
2026-07-30 05:16:03,819 - aqt.helper - INFO - helper 29128 Redirected: ftp.fau.de
2026-07-30 05:16:05,252 - aqt.installer - INFO - installer 30916 Finished installation of qtsvg-Windows-Windows_11_24H2-MSVC2022-Windows-Windows_11_24H2-X86_64.7z in 3.15991150
2026-07-30 05:16:05,266 - aqt.helper - DEBUG - helper 30916 Attempt to download checksum at https://download.qt.io/online/qtsdkrepository/windows_x86/desktop/qt6_6103/qt6_6103/qt.qt6.6103.win64_msvc2022_64/6.10.3-0-202603310407qttranslations-Windows-Windows_11_24H2-MSVC2022-Windows-Windows_11_24H2-X86_64.7z.sha256
2026-07-30 05:16:06,511 - aqt.helper - INFO - helper 30916 Downloading qttranslations...
2026-07-30 05:16:06,511 - aqt.installer - DEBUG - installer 30916 Download URL: https://download.qt.io/online/qtsdkrepository/windows_x86/desktop/qt6_6103/qt6_6103/qt.qt6.6103.win64_msvc2022_64/6.10.3-0-202603310407qttranslations-Windows-Windows_11_24H2-MSVC2022-Windows-Windows_11_24H2-X86_64.7z
2026-07-30 05:16:07,879 - aqt.helper - DEBUG - helper 30916 Asked to redirect(302) to: https://ftp.fau.de/qtproject/online/qtsdkrepository/windows_x86/desktop/qt6_6103/qt6_6103/qt.qt6.6103.win64_msvc2022_64/6.10.3-0-202603310407qttranslations-Windows-Windows_11_24H2-MSVC2022-Windows-Windows_11_24H2-X86_64.7z
2026-07-30 05:16:07,879 - aqt.helper - INFO - helper 30916 Redirected: ftp.fau.de
2026-07-30 05:16:11,165 - aqt.installer - INFO - installer 17032 Finished installation of qttools-Windows-Windows_11_24H2-MSVC2022-Windows-Windows_11_24H2-X86_64.7z in 9.04215130
2026-07-30 05:16:11,178 - aqt.helper - DEBUG - helper 17032 Attempt to download checksum at https://download.qt.io/online/qtsdkrepository/windows_x86/desktop/qt6_6103/qt6_6103/qt.qt6.6103.win64_msvc2022_64/6.10.3-0-202603310407d3dcompiler_47-x64.7z.sha256
2026-07-30 05:16:11,727 - aqt.installer - INFO - installer 30916 Finished installation of qttranslations-Windows-Windows_11_24H2-MSVC2022-Windows-Windows_11_24H2-X86_64.7z in 6.46398630
2026-07-30 05:16:11,740 - aqt.helper - DEBUG - helper 30916 Attempt to download checksum at https://download.qt.io/online/qtsdkrepository/windows_x86/desktop/qt6_6103/qt6_6103/qt.qt6.6103.win64_msvc2022_64/6.10.3-0-202603310407opengl32sw-64-mesa_11_2_2-signed_sha256.7z.sha256
2026-07-30 05:16:12,124 - aqt.helper - INFO - helper 17032 Downloading d3dcompiler_47...
2026-07-30 05:16:12,124 - aqt.installer - DEBUG - installer 17032 Download URL: https://download.qt.io/online/qtsdkrepository/windows_x86/desktop/qt6_6103/qt6_6103/qt.qt6.6103.win64_msvc2022_64/6.10.3-0-202603310407d3dcompiler_47-x64.7z
2026-07-30 05:16:12,719 - aqt.helper - INFO - helper 30916 Downloading opengl32sw...
2026-07-30 05:16:12,719 - aqt.installer - DEBUG - installer 30916 Download URL: https://download.qt.io/online/qtsdkrepository/windows_x86/desktop/qt6_6103/qt6_6103/qt.qt6.6103.win64_msvc2022_64/6.10.3-0-202603310407opengl32sw-64-mesa_11_2_2-signed_sha256.7z
2026-07-30 05:16:13,143 - aqt.helper - DEBUG - helper 17032 Asked to redirect(302) to: https://ftp.fau.de/qtproject/online/qtsdkrepository/windows_x86/desktop/qt6_6103/qt6_6103/qt.qt6.6103.win64_msvc2022_64/6.10.3-0-202603310407d3dcompiler_47-x64.7z
2026-07-30 05:16:13,143 - aqt.helper - INFO - helper 17032 Redirected: ftp.fau.de
2026-07-30 05:16:13,752 - aqt.helper - DEBUG - helper 30916 Asked to redirect(302) to: https://ftp.fau.de/qtproject/online/qtsdkrepository/windows_x86/desktop/qt6_6103/qt6_6103/qt.qt6.6103.win64_msvc2022_64/6.10.3-0-202603310407opengl32sw-64-mesa_11_2_2-signed_sha256.7z
2026-07-30 05:16:13,752 - aqt.helper - INFO - helper 30916 Redirected: ftp.fau.de
2026-07-30 05:16:14,514 - aqt.installer - INFO - installer 17032 Finished installation of d3dcompiler_47-x64.7z in 3.33849010
2026-07-30 05:16:15,675 - aqt.installer - INFO - installer 30916 Finished installation of opengl32sw-64-mesa_11_2_2-signed_sha256.7z in 3.93816810
2026-07-30 05:16:28,639 - aqt.installer - INFO - installer 32380 Finished installation of qtbase-Windows-Windows_11_24H2-MSVC2022-Windows-Windows_11_24H2-X86_64.7z in 26.55311850
2026-07-30 05:16:56,128 - aqt.installer - INFO - installer 29128 Finished installation of qtdeclarative-Windows-Windows_11_24H2-MSVC2022-Windows-Windows_11_24H2-X86_64.7z in 54.02435420
2026-07-30 05:16:56,359 - aqt.updater - INFO - updater 41156 Patching C:\Users\dante\AppData\Local\Temp\cp-player-subtitle-save-build\qt\6.10.3\msvc2022_64\bin\qmake.exe
2026-07-30 05:16:56,365 - aqt.updater - INFO - updater 41156 Patching C:\Users\dante\AppData\Local\Temp\cp-player-subtitle-save-build\qt\6.10.3\msvc2022_64\lib\Qt6Concurrent.prl
2026-07-30 05:16:56,366 - aqt.updater - INFO - updater 41156 Patching C:\Users\dante\AppData\Local\Temp\cp-player-subtitle-save-build\qt\6.10.3\msvc2022_64\lib\Qt6Concurrentd.prl
2026-07-30 05:16:56,367 - aqt.updater - INFO - updater 41156 Patching C:\Users\dante\AppData\Local\Temp\cp-player-subtitle-save-build\qt\6.10.3\msvc2022_64\lib\Qt6Core.prl
2026-07-30 05:16:56,369 - aqt.updater - INFO - updater 41156 Patching C:\Users\dante\AppData\Local\Temp\cp-player-subtitle-save-build\qt\6.10.3\msvc2022_64\lib\Qt6Cored.prl
2026-07-30 05:16:56,371 - aqt.updater - INFO - updater 41156 Patching C:\Users\dante\AppData\Local\Temp\cp-player-subtitle-save-build\qt\6.10.3\msvc2022_64\lib\Qt6DBus.prl
2026-07-30 05:16:56,373 - aqt.updater - INFO - updater 41156 Patching C:\Users\dante\AppData\Local\Temp\cp-player-subtitle-save-build\qt\6.10.3\msvc2022_64\lib\Qt6DBusd.prl
2026-07-30 05:16:56,374 - aqt.updater - INFO - updater 41156 Patching C:\Users\dante\AppData\Local\Temp\cp-player-subtitle-save-build\qt\6.10.3\msvc2022_64\lib\Qt6Designer.prl
2026-07-30 05:16:56,375 - aqt.updater - INFO - updater 41156 Patching C:\Users\dante\AppData\Local\Temp\cp-player-subtitle-save-build\qt\6.10.3\msvc2022_64\lib\Qt6DesignerComponents.prl
2026-07-30 05:16:56,377 - aqt.updater - INFO - updater 41156 Patching C:\Users\dante\AppData\Local\Temp\cp-player-subtitle-save-build\qt\6.10.3\msvc2022_64\lib\Qt6DesignerComponentsd.prl
2026-07-30 05:16:56,378 - aqt.updater - INFO - updater 41156 Patching C:\Users\dante\AppData\Local\Temp\cp-player-subtitle-save-build\qt\6.10.3\msvc2022_64\lib\Qt6Designerd.prl
2026-07-30 05:16:56,380 - aqt.updater - INFO - updater 41156 Patching C:\Users\dante\AppData\Local\Temp\cp-player-subtitle-save-build\qt\6.10.3\msvc2022_64\lib\Qt6DeviceDiscoverySupport.prl
2026-07-30 05:16:56,381 - aqt.updater - INFO - updater 41156 Patching C:\Users\dante\AppData\Local\Temp\cp-player-subtitle-save-build\qt\6.10.3\msvc2022_64\lib\Qt6DeviceDiscoverySupportd.prl
2026-07-30 05:16:56,382 - aqt.updater - INFO - updater 41156 Patching C:\Users\dante\AppData\Local\Temp\cp-player-subtitle-save-build\qt\6.10.3\msvc2022_64\lib\Qt6EntryPoint.prl
2026-07-30 05:16:56,384 - aqt.updater - INFO - updater 41156 Patching C:\Users\dante\AppData\Local\Temp\cp-player-subtitle-save-build\qt\6.10.3\msvc2022_64\lib\Qt6EntryPointd.prl
2026-07-30 05:16:56,385 - aqt.updater - INFO - updater 41156 Patching C:\Users\dante\AppData\Local\Temp\cp-player-subtitle-save-build\qt\6.10.3\msvc2022_64\lib\Qt6ExampleIcons.prl
2026-07-30 05:16:56,387 - aqt.updater - INFO - updater 41156 Patching C:\Users\dante\AppData\Local\Temp\cp-player-subtitle-save-build\qt\6.10.3\msvc2022_64\lib\Qt6ExampleIconsd.prl
2026-07-30 05:16:56,389 - aqt.updater - INFO - updater 41156 Patching C:\Users\dante\AppData\Local\Temp\cp-player-subtitle-save-build\qt\6.10.3\msvc2022_64\lib\Qt6ExamplesAssetDownloader.prl
2026-07-30 05:16:56,390 - aqt.updater - INFO - updater 41156 Patching C:\Users\dante\AppData\Local\Temp\cp-player-subtitle-save-build\qt\6.10.3\msvc2022_64\lib\Qt6ExamplesAssetDownloaderd.prl
2026-07-30 05:16:56,391 - aqt.updater - INFO - updater 41156 Patching C:\Users\dante\AppData\Local\Temp\cp-player-subtitle-save-build\qt\6.10.3\msvc2022_64\lib\Qt6FbSupport.prl
2026-07-30 05:16:56,392 - aqt.updater - INFO - updater 41156 Patching C:\Users\dante\AppData\Local\Temp\cp-player-subtitle-save-build\qt\6.10.3\msvc2022_64\lib\Qt6FbSupportd.prl
2026-07-30 05:16:56,394 - aqt.updater - INFO - updater 41156 Patching C:\Users\dante\AppData\Local\Temp\cp-player-subtitle-save-build\qt\6.10.3\msvc2022_64\lib\Qt6Gui.prl
2026-07-30 05:16:56,395 - aqt.updater - INFO - updater 41156 Patching C:\Users\dante\AppData\Local\Temp\cp-player-subtitle-save-build\qt\6.10.3\msvc2022_64\lib\Qt6Guid.prl
2026-07-30 05:16:56,397 - aqt.updater - INFO - updater 41156 Patching C:\Users\dante\AppData\Local\Temp\cp-player-subtitle-save-build\qt\6.10.3\msvc2022_64\lib\Qt6Help.prl
2026-07-30 05:16:56,398 - aqt.updater - INFO - updater 41156 Patching C:\Users\dante\AppData\Local\Temp\cp-player-subtitle-save-build\qt\6.10.3\msvc2022_64\lib\Qt6Helpd.prl
2026-07-30 05:16:56,400 - aqt.updater - INFO - updater 41156 Patching C:\Users\dante\AppData\Local\Temp\cp-player-subtitle-save-build\qt\6.10.3\msvc2022_64\lib\Qt6LabsAnimation.prl
2026-07-30 05:16:56,402 - aqt.updater - INFO - updater 41156 Patching C:\Users\dante\AppData\Local\Temp\cp-player-subtitle-save-build\qt\6.10.3\msvc2022_64\lib\Qt6LabsAnimationd.prl
2026-07-30 05:16:56,403 - aqt.updater - INFO - updater 41156 Patching C:\Users\dante\AppData\Local\Temp\cp-player-subtitle-save-build\qt\6.10.3\msvc2022_64\lib\Qt6LabsFolderListModel.prl
2026-07-30 05:16:56,405 - aqt.updater - INFO - updater 41156 Patching C:\Users\dante\AppData\Local\Temp\cp-player-subtitle-save-build\qt\6.10.3\msvc2022_64\lib\Qt6LabsFolderListModeld.prl
2026-07-30 05:16:56,406 - aqt.updater - INFO - updater 41156 Patching C:\Users\dante\AppData\Local\Temp\cp-player-subtitle-save-build\qt\6.10.3\msvc2022_64\lib\Qt6LabsPlatform.prl
2026-07-30 05:16:56,408 - aqt.updater - INFO - updater 41156 Patching C:\Users\dante\AppData\Local\Temp\cp-player-subtitle-save-build\qt\6.10.3\msvc2022_64\lib\Qt6LabsPlatformd.prl
2026-07-30 05:16:56,409 - aqt.updater - INFO - updater 41156 Patching C:\Users\dante\AppData\Local\Temp\cp-player-subtitle-save-build\qt\6.10.3\msvc2022_64\lib\Qt6LabsQmlModels.prl
2026-07-30 05:16:56,410 - aqt.updater - INFO - updater 41156 Patching C:\Users\dante\AppData\Local\Temp\cp-player-subtitle-save-build\qt\6.10.3\msvc2022_64\lib\Qt6LabsQmlModelsd.prl
2026-07-30 05:16:56,412 - aqt.updater - INFO - updater 41156 Patching C:\Users\dante\AppData\Local\Temp\cp-player-subtitle-save-build\qt\6.10.3\msvc2022_64\lib\Qt6LabsSettings.prl
2026-07-30 05:16:56,413 - aqt.updater - INFO - updater 41156 Patching C:\Users\dante\AppData\Local\Temp\cp-player-subtitle-save-build\qt\6.10.3\msvc2022_64\lib\Qt6LabsSettingsd.prl
2026-07-30 05:16:56,414 - aqt.updater - INFO - updater 41156 Patching C:\Users\dante\AppData\Local\Temp\cp-player-subtitle-save-build\qt\6.10.3\msvc2022_64\lib\Qt6LabsSharedImage.prl
2026-07-30 05:16:56,416 - aqt.updater - INFO - updater 41156 Patching C:\Users\dante\AppData\Local\Temp\cp-player-subtitle-save-build\qt\6.10.3\msvc2022_64\lib\Qt6LabsSharedImaged.prl
2026-07-30 05:16:56,417 - aqt.updater - INFO - updater 41156 Patching C:\Users\dante\AppData\Local\Temp\cp-player-subtitle-save-build\qt\6.10.3\msvc2022_64\lib\Qt6LabsSynchronizer.prl
2026-07-30 05:16:56,419 - aqt.updater - INFO - updater 41156 Patching C:\Users\dante\AppData\Local\Temp\cp-player-subtitle-save-build\qt\6.10.3\msvc2022_64\lib\Qt6LabsSynchronizerd.prl
2026-07-30 05:16:56,420 - aqt.updater - INFO - updater 41156 Patching C:\Users\dante\AppData\Local\Temp\cp-player-subtitle-save-build\qt\6.10.3\msvc2022_64\lib\Qt6LabsWavefrontMesh.prl
2026-07-30 05:16:56,422 - aqt.updater - INFO - updater 41156 Patching C:\Users\dante\AppData\Local\Temp\cp-player-subtitle-save-build\qt\6.10.3\msvc2022_64\lib\Qt6LabsWavefrontMeshd.prl
2026-07-30 05:16:56,423 - aqt.updater - INFO - updater 41156 Patching C:\Users\dante\AppData\Local\Temp\cp-player-subtitle-save-build\qt\6.10.3\msvc2022_64\lib\Qt6Network.prl
2026-07-30 05:16:56,425 - aqt.updater - INFO - updater 41156 Patching C:\Users\dante\AppData\Local\Temp\cp-player-subtitle-save-build\qt\6.10.3\msvc2022_64\lib\Qt6Networkd.prl
2026-07-30 05:16:56,427 - aqt.updater - INFO - updater 41156 Patching C:\Users\dante\AppData\Local\Temp\cp-player-subtitle-save-build\qt\6.10.3\msvc2022_64\lib\Qt6OpenGL.prl
2026-07-30 05:16:56,428 - aqt.updater - INFO - updater 41156 Patching C:\Users\dante\AppData\Local\Temp\cp-player-subtitle-save-build\qt\6.10.3\msvc2022_64\lib\Qt6OpenGLd.prl
2026-07-30 05:16:56,430 - aqt.updater - INFO - updater 41156 Patching C:\Users\dante\AppData\Local\Temp\cp-player-subtitle-save-build\qt\6.10.3\msvc2022_64\lib\Qt6OpenGLWidgets.prl
2026-07-30 05:16:56,432 - aqt.updater - INFO - updater 41156 Patching C:\Users\dante\AppData\Local\Temp\cp-player-subtitle-save-build\qt\6.10.3\msvc2022_64\lib\Qt6OpenGLWidgetsd.prl
2026-07-30 05:16:56,433 - aqt.updater - INFO - updater 41156 Patching C:\Users\dante\AppData\Local\Temp\cp-player-subtitle-save-build\qt\6.10.3\msvc2022_64\lib\Qt6PacketProtocol.prl
2026-07-30 05:16:56,435 - aqt.updater - INFO - updater 41156 Patching C:\Users\dante\AppData\Local\Temp\cp-player-subtitle-save-build\qt\6.10.3\msvc2022_64\lib\Qt6PacketProtocold.prl
2026-07-30 05:16:56,436 - aqt.updater - INFO - updater 41156 Patching C:\Users\dante\AppData\Local\Temp\cp-player-subtitle-save-build\qt\6.10.3\msvc2022_64\lib\Qt6PrintSupport.prl
2026-07-30 05:16:56,437 - aqt.updater - INFO - updater 41156 Patching C:\Users\dante\AppData\Local\Temp\cp-player-subtitle-save-build\qt\6.10.3\msvc2022_64\lib\Qt6PrintSupportd.prl
2026-07-30 05:16:56,439 - aqt.updater - INFO - updater 41156 Patching C:\Users\dante\AppData\Local\Temp\cp-player-subtitle-save-build\qt\6.10.3\msvc2022_64\lib\Qt6Qml.prl
2026-07-30 05:16:56,440 - aqt.updater - INFO - updater 41156 Patching C:\Users\dante\AppData\Local\Temp\cp-player-subtitle-save-build\qt\6.10.3\msvc2022_64\lib\Qt6QmlAssetDownloader.prl
2026-07-30 05:16:56,442 - aqt.updater - INFO - updater 41156 Patching C:\Users\dante\AppData\Local\Temp\cp-player-subtitle-save-build\qt\6.10.3\msvc2022_64\lib\Qt6QmlAssetDownloaderd.prl
2026-07-30 05:16:56,444 - aqt.updater - INFO - updater 41156 Patching C:\Users\dante\AppData\Local\Temp\cp-player-subtitle-save-build\qt\6.10.3\msvc2022_64\lib\Qt6QmlCompiler.prl
2026-07-30 05:16:56,445 - aqt.updater - INFO - updater 41156 Patching C:\Users\dante\AppData\Local\Temp\cp-player-subtitle-save-build\qt\6.10.3\msvc2022_64\lib\Qt6QmlCompilerd.prl
2026-07-30 05:16:56,446 - aqt.updater - INFO - updater 41156 Patching C:\Users\dante\AppData\Local\Temp\cp-player-subtitle-save-build\qt\6.10.3\msvc2022_64\lib\Qt6QmlCore.prl
2026-07-30 05:16:56,448 - aqt.updater - INFO - updater 41156 Patching C:\Users\dante\AppData\Local\Temp\cp-player-subtitle-save-build\qt\6.10.3\msvc2022_64\lib\Qt6QmlCored.prl
2026-07-30 05:16:56,449 - aqt.updater - INFO - updater 41156 Patching C:\Users\dante\AppData\Local\Temp\cp-player-subtitle-save-build\qt\6.10.3\msvc2022_64\lib\Qt6Qmld.prl
2026-07-30 05:16:56,450 - aqt.updater - INFO - updater 41156 Patching C:\Users\dante\AppData\Local\Temp\cp-player-subtitle-save-build\qt\6.10.3\msvc2022_64\lib\Qt6QmlDebug.prl
2026-07-30 05:16:56,451 - aqt.updater - INFO - updater 41156 Patching C:\Users\dante\AppData\Local\Temp\cp-player-subtitle-save-build\qt\6.10.3\msvc2022_64\lib\Qt6QmlDebugd.prl
2026-07-30 05:16:56,453 - aqt.updater - INFO - updater 41156 Patching C:\Users\dante\AppData\Local\Temp\cp-player-subtitle-save-build\qt\6.10.3\msvc2022_64\lib\Qt6QmlDom.prl
2026-07-30 05:16:56,454 - aqt.updater - INFO - updater 41156 Patching C:\Users\dante\AppData\Local\Temp\cp-player-subtitle-save-build\qt\6.10.3\msvc2022_64\lib\Qt6QmlDomd.prl
2026-07-30 05:16:56,456 - aqt.updater - INFO - updater 41156 Patching C:\Users\dante\AppData\Local\Temp\cp-player-subtitle-save-build\qt\6.10.3\msvc2022_64\lib\Qt6QmlFormat.prl
2026-07-30 05:16:56,457 - aqt.updater - INFO - updater 41156 Patching C:\Users\dante\AppData\Local\Temp\cp-player-subtitle-save-build\qt\6.10.3\msvc2022_64\lib\Qt6QmlFormatd.prl
2026-07-30 05:16:56,458 - aqt.updater - INFO - updater 41156 Patching C:\Users\dante\AppData\Local\Temp\cp-player-subtitle-save-build\qt\6.10.3\msvc2022_64\lib\Qt6QmlLocalStorage.prl
2026-07-30 05:16:56,460 - aqt.updater - INFO - updater 41156 Patching C:\Users\dante\AppData\Local\Temp\cp-player-subtitle-save-build\qt\6.10.3\msvc2022_64\lib\Qt6QmlLocalStoraged.prl
2026-07-30 05:16:56,461 - aqt.updater - INFO - updater 41156 Patching C:\Users\dante\AppData\Local\Temp\cp-player-subtitle-save-build\qt\6.10.3\msvc2022_64\lib\Qt6QmlLS.prl
2026-07-30 05:16:56,462 - aqt.updater - INFO - updater 41156 Patching C:\Users\dante\AppData\Local\Temp\cp-player-subtitle-save-build\qt\6.10.3\msvc2022_64\lib\Qt6QmlLSd.prl
2026-07-30 05:16:56,464 - aqt.updater - INFO - updater 41156 Patching C:\Users\dante\AppData\Local\Temp\cp-player-subtitle-save-build\qt\6.10.3\msvc2022_64\lib\Qt6QmlMeta.prl
2026-07-30 05:16:56,465 - aqt.updater - INFO - updater 41156 Patching C:\Users\dante\AppData\Local\Temp\cp-player-subtitle-save-build\qt\6.10.3\msvc2022_64\lib\Qt6QmlMetad.prl
2026-07-30 05:16:56,466 - aqt.updater - INFO - updater 41156 Patching C:\Users\dante\AppData\Local\Temp\cp-player-subtitle-save-build\qt\6.10.3\msvc2022_64\lib\Qt6QmlModels.prl
2026-07-30 05:16:56,468 - aqt.updater - INFO - updater 41156 Patching C:\Users\dante\AppData\Local\Temp\cp-player-subtitle-save-build\qt\6.10.3\msvc2022_64\lib\Qt6QmlModelsd.prl
2026-07-30 05:16:56,470 - aqt.updater - INFO - updater 41156 Patching C:\Users\dante\AppData\Local\Temp\cp-player-subtitle-save-build\qt\6.10.3\msvc2022_64\lib\Qt6QmlNetwork.prl
2026-07-30 05:16:56,471 - aqt.updater - INFO - updater 41156 Patching C:\Users\dante\AppData\Local\Temp\cp-player-subtitle-save-build\qt\6.10.3\msvc2022_64\lib\Qt6QmlNetworkd.prl
2026-07-30 05:16:56,473 - aqt.updater - INFO - updater 41156 Patching C:\Users\dante\AppData\Local\Temp\cp-player-subtitle-save-build\qt\6.10.3\msvc2022_64\lib\Qt6QmlToolingSettings.prl
2026-07-30 05:16:56,474 - aqt.updater - INFO - updater 41156 Patching C:\Users\dante\AppData\Local\Temp\cp-player-subtitle-save-build\qt\6.10.3\msvc2022_64\lib\Qt6QmlToolingSettingsd.prl
2026-07-30 05:16:56,476 - aqt.updater - INFO - updater 41156 Patching C:\Users\dante\AppData\Local\Temp\cp-player-subtitle-save-build\qt\6.10.3\msvc2022_64\lib\Qt6QmlTypeRegistrar.prl
2026-07-30 05:16:56,477 - aqt.updater - INFO - updater 41156 Patching C:\Users\dante\AppData\Local\Temp\cp-player-subtitle-save-build\qt\6.10.3\msvc2022_64\lib\Qt6QmlTypeRegistrard.prl
2026-07-30 05:16:56,479 - aqt.updater - INFO - updater 41156 Patching C:\Users\dante\AppData\Local\Temp\cp-player-subtitle-save-build\qt\6.10.3\msvc2022_64\lib\Qt6QmlWorkerScript.prl
2026-07-30 05:16:56,480 - aqt.updater - INFO - updater 41156 Patching C:\Users\dante\AppData\Local\Temp\cp-player-subtitle-save-build\qt\6.10.3\msvc2022_64\lib\Qt6QmlWorkerScriptd.prl
2026-07-30 05:16:56,481 - aqt.updater - INFO - updater 41156 Patching C:\Users\dante\AppData\Local\Temp\cp-player-subtitle-save-build\qt\6.10.3\msvc2022_64\lib\Qt6QmlXmlListModel.prl
2026-07-30 05:16:56,483 - aqt.updater - INFO - updater 41156 Patching C:\Users\dante\AppData\Local\Temp\cp-player-subtitle-save-build\qt\6.10.3\msvc2022_64\lib\Qt6QmlXmlListModeld.prl
2026-07-30 05:16:56,485 - aqt.updater - INFO - updater 41156 Patching C:\Users\dante\AppData\Local\Temp\cp-player-subtitle-save-build\qt\6.10.3\msvc2022_64\lib\Qt6Quick.prl
2026-07-30 05:16:56,487 - aqt.updater - INFO - updater 41156 Patching C:\Users\dante\AppData\Local\Temp\cp-player-subtitle-save-build\qt\6.10.3\msvc2022_64\lib\Qt6QuickControls2.prl
2026-07-30 05:16:56,488 - aqt.updater - INFO - updater 41156 Patching C:\Users\dante\AppData\Local\Temp\cp-player-subtitle-save-build\qt\6.10.3\msvc2022_64\lib\Qt6QuickControls2Basic.prl
2026-07-30 05:16:56,489 - aqt.updater - INFO - updater 41156 Patching C:\Users\dante\AppData\Local\Temp\cp-player-subtitle-save-build\qt\6.10.3\msvc2022_64\lib\Qt6QuickControls2Basicd.prl
2026-07-30 05:16:56,491 - aqt.updater - INFO - updater 41156 Patching C:\Users\dante\AppData\Local\Temp\cp-player-subtitle-save-build\qt\6.10.3\msvc2022_64\lib\Qt6QuickControls2BasicStyleImpl.prl
2026-07-30 05:16:56,492 - aqt.updater - INFO - updater 41156 Patching C:\Users\dante\AppData\Local\Temp\cp-player-subtitle-save-build\qt\6.10.3\msvc2022_64\lib\Qt6QuickControls2BasicStyleImpld.prl
2026-07-30 05:16:56,494 - aqt.updater - INFO - updater 41156 Patching C:\Users\dante\AppData\Local\Temp\cp-player-subtitle-save-build\qt\6.10.3\msvc2022_64\lib\Qt6QuickControls2d.prl
2026-07-30 05:16:56,495 - aqt.updater - INFO - updater 41156 Patching C:\Users\dante\AppData\Local\Temp\cp-player-subtitle-save-build\qt\6.10.3\msvc2022_64\lib\Qt6QuickControls2FluentWinUI3StyleImpl.prl
2026-07-30 05:16:56,497 - aqt.updater - INFO - updater 41156 Patching C:\Users\dante\AppData\Local\Temp\cp-player-subtitle-save-build\qt\6.10.3\msvc2022_64\lib\Qt6QuickControls2FluentWinUI3StyleImpld.prl
2026-07-30 05:16:56,498 - aqt.updater - INFO - updater 41156 Patching C:\Users\dante\AppData\Local\Temp\cp-player-subtitle-save-build\qt\6.10.3\msvc2022_64\lib\Qt6QuickControls2Fusion.prl
2026-07-30 05:16:56,500 - aqt.updater - INFO - updater 41156 Patching C:\Users\dante\AppData\Local\Temp\cp-player-subtitle-save-build\qt\6.10.3\msvc2022_64\lib\Qt6QuickControls2Fusiond.prl
2026-07-30 05:16:56,502 - aqt.updater - INFO - updater 41156 Patching C:\Users\dante\AppData\Local\Temp\cp-player-subtitle-save-build\qt\6.10.3\msvc2022_64\lib\Qt6QuickControls2FusionStyleImpl.prl
2026-07-30 05:16:56,503 - aqt.updater - INFO - updater 41156 Patching C:\Users\dante\AppData\Local\Temp\cp-player-subtitle-save-build\qt\6.10.3\msvc2022_64\lib\Qt6QuickControls2FusionStyleImpld.prl
2026-07-30 05:16:56,505 - aqt.updater - INFO - updater 41156 Patching C:\Users\dante\AppData\Local\Temp\cp-player-subtitle-save-build\qt\6.10.3\msvc2022_64\lib\Qt6QuickControls2Imagine.prl
2026-07-30 05:16:56,506 - aqt.updater - INFO - updater 41156 Patching C:\Users\dante\AppData\Local\Temp\cp-player-subtitle-save-build\qt\6.10.3\msvc2022_64\lib\Qt6QuickControls2Imagined.prl
2026-07-30 05:16:56,507 - aqt.updater - INFO - updater 41156 Patching C:\Users\dante\AppData\Local\Temp\cp-player-subtitle-save-build\qt\6.10.3\msvc2022_64\lib\Qt6QuickControls2ImagineStyleImpl.prl
2026-07-30 05:16:56,509 - aqt.updater - INFO - updater 41156 Patching C:\Users\dante\AppData\Local\Temp\cp-player-subtitle-save-build\qt\6.10.3\msvc2022_64\lib\Qt6QuickControls2ImagineStyleImpld.prl
2026-07-30 05:16:56,510 - aqt.updater - INFO - updater 41156 Patching C:\Users\dante\AppData\Local\Temp\cp-player-subtitle-save-build\qt\6.10.3\msvc2022_64\lib\Qt6QuickControls2Impl.prl
2026-07-30 05:16:56,511 - aqt.updater - INFO - updater 41156 Patching C:\Users\dante\AppData\Local\Temp\cp-player-subtitle-save-build\qt\6.10.3\msvc2022_64\lib\Qt6QuickControls2Impld.prl
2026-07-30 05:16:56,512 - aqt.updater - INFO - updater 41156 Patching C:\Users\dante\AppData\Local\Temp\cp-player-subtitle-save-build\qt\6.10.3\msvc2022_64\lib\Qt6QuickControls2Material.prl
2026-07-30 05:16:56,514 - aqt.updater - INFO - updater 41156 Patching C:\Users\dante\AppData\Local\Temp\cp-player-subtitle-save-build\qt\6.10.3\msvc2022_64\lib\Qt6QuickControls2Materiald.prl
2026-07-30 05:16:56,515 - aqt.updater - INFO - updater 41156 Patching C:\Users\dante\AppData\Local\Temp\cp-player-subtitle-save-build\qt\6.10.3\msvc2022_64\lib\Qt6QuickControls2MaterialStyleImpl.prl
2026-07-30 05:16:56,517 - aqt.updater - INFO - updater 41156 Patching C:\Users\dante\AppData\Local\Temp\cp-player-subtitle-save-build\qt\6.10.3\msvc2022_64\lib\Qt6QuickControls2MaterialStyleImpld.prl
2026-07-30 05:16:56,518 - aqt.updater - INFO - updater 41156 Patching C:\Users\dante\AppData\Local\Temp\cp-player-subtitle-save-build\qt\6.10.3\msvc2022_64\lib\Qt6QuickControls2Universal.prl
2026-07-30 05:16:56,520 - aqt.updater - INFO - updater 41156 Patching C:\Users\dante\AppData\Local\Temp\cp-player-subtitle-save-build\qt\6.10.3\msvc2022_64\lib\Qt6QuickControls2Universald.prl
2026-07-30 05:16:56,521 - aqt.updater - INFO - updater 41156 Patching C:\Users\dante\AppData\Local\Temp\cp-player-subtitle-save-build\qt\6.10.3\msvc2022_64\lib\Qt6QuickControls2UniversalStyleImpl.prl
2026-07-30 05:16:56,522 - aqt.updater - INFO - updater 41156 Patching C:\Users\dante\AppData\Local\Temp\cp-player-subtitle-save-build\qt\6.10.3\msvc2022_64\lib\Qt6QuickControls2UniversalStyleImpld.prl
2026-07-30 05:16:56,524 - aqt.updater - INFO - updater 41156 Patching C:\Users\dante\AppData\Local\Temp\cp-player-subtitle-save-build\qt\6.10.3\msvc2022_64\lib\Qt6QuickControls2WindowsStyleImpl.prl
2026-07-30 05:16:56,525 - aqt.updater - INFO - updater 41156 Patching C:\Users\dante\AppData\Local\Temp\cp-player-subtitle-save-build\qt\6.10.3\msvc2022_64\lib\Qt6QuickControls2WindowsStyleImpld.prl
2026-07-30 05:16:56,526 - aqt.updater - INFO - updater 41156 Patching C:\Users\dante\AppData\Local\Temp\cp-player-subtitle-save-build\qt\6.10.3\msvc2022_64\lib\Qt6QuickControlsTestUtils.prl
2026-07-30 05:16:56,528 - aqt.updater - INFO - updater 41156 Patching C:\Users\dante\AppData\Local\Temp\cp-player-subtitle-save-build\qt\6.10.3\msvc2022_64\lib\Qt6QuickControlsTestUtilsd.prl
2026-07-30 05:16:56,529 - aqt.updater - INFO - updater 41156 Patching C:\Users\dante\AppData\Local\Temp\cp-player-subtitle-save-build\qt\6.10.3\msvc2022_64\lib\Qt6Quickd.prl
2026-07-30 05:16:56,531 - aqt.updater - INFO - updater 41156 Patching C:\Users\dante\AppData\Local\Temp\cp-player-subtitle-save-build\qt\6.10.3\msvc2022_64\lib\Qt6QuickDialogs2.prl
2026-07-30 05:16:56,532 - aqt.updater - INFO - updater 41156 Patching C:\Users\dante\AppData\Local\Temp\cp-player-subtitle-save-build\qt\6.10.3\msvc2022_64\lib\Qt6QuickDialogs2d.prl
2026-07-30 05:16:56,534 - aqt.updater - INFO - updater 41156 Patching C:\Users\dante\AppData\Local\Temp\cp-player-subtitle-save-build\qt\6.10.3\msvc2022_64\lib\Qt6QuickDialogs2QuickImpl.prl
2026-07-30 05:16:56,535 - aqt.updater - INFO - updater 41156 Patching C:\Users\dante\AppData\Local\Temp\cp-player-subtitle-save-build\qt\6.10.3\msvc2022_64\lib\Qt6QuickDialogs2QuickImpld.prl
2026-07-30 05:16:56,537 - aqt.updater - INFO - updater 41156 Patching C:\Users\dante\AppData\Local\Temp\cp-player-subtitle-save-build\qt\6.10.3\msvc2022_64\lib\Qt6QuickDialogs2Utils.prl
2026-07-30 05:16:56,538 - aqt.updater - INFO - updater 41156 Patching C:\Users\dante\AppData\Local\Temp\cp-player-subtitle-save-build\qt\6.10.3\msvc2022_64\lib\Qt6QuickDialogs2Utilsd.prl
2026-07-30 05:16:56,539 - aqt.updater - INFO - updater 41156 Patching C:\Users\dante\AppData\Local\Temp\cp-player-subtitle-save-build\qt\6.10.3\msvc2022_64\lib\Qt6QuickEffects.prl
2026-07-30 05:16:56,540 - aqt.updater - INFO - updater 41156 Patching C:\Users\dante\AppData\Local\Temp\cp-player-subtitle-save-build\qt\6.10.3\msvc2022_64\lib\Qt6QuickEffectsd.prl
2026-07-30 05:16:56,542 - aqt.updater - INFO - updater 41156 Patching C:\Users\dante\AppData\Local\Temp\cp-player-subtitle-save-build\qt\6.10.3\msvc2022_64\lib\Qt6QuickLayouts.prl
2026-07-30 05:16:56,543 - aqt.updater - INFO - updater 41156 Patching C:\Users\dante\AppData\Local\Temp\cp-player-subtitle-save-build\qt\6.10.3\msvc2022_64\lib\Qt6QuickLayoutsd.prl
2026-07-30 05:16:56,544 - aqt.updater - INFO - updater 41156 Patching C:\Users\dante\AppData\Local\Temp\cp-player-subtitle-save-build\qt\6.10.3\msvc2022_64\lib\Qt6QuickParticles.prl
2026-07-30 05:16:56,546 - aqt.updater - INFO - updater 41156 Patching C:\Users\dante\AppData\Local\Temp\cp-player-subtitle-save-build\qt\6.10.3\msvc2022_64\lib\Qt6QuickParticlesd.prl
2026-07-30 05:16:56,547 - aqt.updater - INFO - updater 41156 Patching C:\Users\dante\AppData\Local\Temp\cp-player-subtitle-save-build\qt\6.10.3\msvc2022_64\lib\Qt6QuickShapes.prl
2026-07-30 05:16:56,548 - aqt.updater - INFO - updater 41156 Patching C:\Users\dante\AppData\Local\Temp\cp-player-subtitle-save-build\qt\6.10.3\msvc2022_64\lib\Qt6QuickShapesd.prl
2026-07-30 05:16:56,550 - aqt.updater - INFO - updater 41156 Patching C:\Users\dante\AppData\Local\Temp\cp-player-subtitle-save-build\qt\6.10.3\msvc2022_64\lib\Qt6QuickShapesDesignHelpers.prl
2026-07-30 05:16:56,552 - aqt.updater - INFO - updater 41156 Patching C:\Users\dante\AppData\Local\Temp\cp-player-subtitle-save-build\qt\6.10.3\msvc2022_64\lib\Qt6QuickShapesDesignHelpersd.prl
2026-07-30 05:16:56,553 - aqt.updater - INFO - updater 41156 Patching C:\Users\dante\AppData\Local\Temp\cp-player-subtitle-save-build\qt\6.10.3\msvc2022_64\lib\Qt6QuickTemplates2.prl
2026-07-30 05:16:56,555 - aqt.updater - INFO - updater 41156 Patching C:\Users\dante\AppData\Local\Temp\cp-player-subtitle-save-build\qt\6.10.3\msvc2022_64\lib\Qt6QuickTemplates2d.prl
2026-07-30 05:16:56,556 - aqt.updater - INFO - updater 41156 Patching C:\Users\dante\AppData\Local\Temp\cp-player-subtitle-save-build\qt\6.10.3\msvc2022_64\lib\Qt6QuickTest.prl
2026-07-30 05:16:56,557 - aqt.updater - INFO - updater 41156 Patching C:\Users\dante\AppData\Local\Temp\cp-player-subtitle-save-build\qt\6.10.3\msvc2022_64\lib\Qt6QuickTestd.prl
2026-07-30 05:16:56,559 - aqt.updater - INFO - updater 41156 Patching C:\Users\dante\AppData\Local\Temp\cp-player-subtitle-save-build\qt\6.10.3\msvc2022_64\lib\Qt6QuickTestUtils.prl
2026-07-30 05:16:56,560 - aqt.updater - INFO - updater 41156 Patching C:\Users\dante\AppData\Local\Temp\cp-player-subtitle-save-build\qt\6.10.3\msvc2022_64\lib\Qt6QuickTestUtilsd.prl
2026-07-30 05:16:56,561 - aqt.updater - INFO - updater 41156 Patching C:\Users\dante\AppData\Local\Temp\cp-player-subtitle-save-build\qt\6.10.3\msvc2022_64\lib\Qt6QuickVectorImage.prl
2026-07-30 05:16:56,562 - aqt.updater - INFO - updater 41156 Patching C:\Users\dante\AppData\Local\Temp\cp-player-subtitle-save-build\qt\6.10.3\msvc2022_64\lib\Qt6QuickVectorImaged.prl
2026-07-30 05:16:56,564 - aqt.updater - INFO - updater 41156 Patching C:\Users\dante\AppData\Local\Temp\cp-player-subtitle-save-build\qt\6.10.3\msvc2022_64\lib\Qt6QuickVectorImageGenerator.prl
2026-07-30 05:16:56,565 - aqt.updater - INFO - updater 41156 Patching C:\Users\dante\AppData\Local\Temp\cp-player-subtitle-save-build\qt\6.10.3\msvc2022_64\lib\Qt6QuickVectorImageGeneratord.prl
2026-07-30 05:16:56,567 - aqt.updater - INFO - updater 41156 Patching C:\Users\dante\AppData\Local\Temp\cp-player-subtitle-save-build\qt\6.10.3\msvc2022_64\lib\Qt6QuickVectorImageHelpers.prl
2026-07-30 05:16:56,568 - aqt.updater - INFO - updater 41156 Patching C:\Users\dante\AppData\Local\Temp\cp-player-subtitle-save-build\qt\6.10.3\msvc2022_64\lib\Qt6QuickVectorImageHelpersd.prl
2026-07-30 05:16:56,570 - aqt.updater - INFO - updater 41156 Patching C:\Users\dante\AppData\Local\Temp\cp-player-subtitle-save-build\qt\6.10.3\msvc2022_64\lib\Qt6QuickWidgets.prl
2026-07-30 05:16:56,572 - aqt.updater - INFO - updater 41156 Patching C:\Users\dante\AppData\Local\Temp\cp-player-subtitle-save-build\qt\6.10.3\msvc2022_64\lib\Qt6QuickWidgetsd.prl
2026-07-30 05:16:56,573 - aqt.updater - INFO - updater 41156 Patching C:\Users\dante\AppData\Local\Temp\cp-player-subtitle-save-build\qt\6.10.3\msvc2022_64\lib\Qt6Sql.prl
2026-07-30 05:16:56,575 - aqt.updater - INFO - updater 41156 Patching C:\Users\dante\AppData\Local\Temp\cp-player-subtitle-save-build\qt\6.10.3\msvc2022_64\lib\Qt6Sqld.prl
2026-07-30 05:16:56,576 - aqt.updater - INFO - updater 41156 Patching C:\Users\dante\AppData\Local\Temp\cp-player-subtitle-save-build\qt\6.10.3\msvc2022_64\lib\Qt6Svg.prl
2026-07-30 05:16:56,577 - aqt.updater - INFO - updater 41156 Patching C:\Users\dante\AppData\Local\Temp\cp-player-subtitle-save-build\qt\6.10.3\msvc2022_64\lib\Qt6Svgd.prl
2026-07-30 05:16:56,579 - aqt.updater - INFO - updater 41156 Patching C:\Users\dante\AppData\Local\Temp\cp-player-subtitle-save-build\qt\6.10.3\msvc2022_64\lib\Qt6SvgWidgets.prl
2026-07-30 05:16:56,580 - aqt.updater - INFO - updater 41156 Patching C:\Users\dante\AppData\Local\Temp\cp-player-subtitle-save-build\qt\6.10.3\msvc2022_64\lib\Qt6SvgWidgetsd.prl
2026-07-30 05:16:56,582 - aqt.updater - INFO - updater 41156 Patching C:\Users\dante\AppData\Local\Temp\cp-player-subtitle-save-build\qt\6.10.3\msvc2022_64\lib\Qt6Test.prl
2026-07-30 05:16:56,583 - aqt.updater - INFO - updater 41156 Patching C:\Users\dante\AppData\Local\Temp\cp-player-subtitle-save-build\qt\6.10.3\msvc2022_64\lib\Qt6Testd.prl
2026-07-30 05:16:56,585 - aqt.updater - INFO - updater 41156 Patching C:\Users\dante\AppData\Local\Temp\cp-player-subtitle-save-build\qt\6.10.3\msvc2022_64\lib\Qt6UiTools.prl
2026-07-30 05:16:56,586 - aqt.updater - INFO - updater 41156 Patching C:\Users\dante\AppData\Local\Temp\cp-player-subtitle-save-build\qt\6.10.3\msvc2022_64\lib\Qt6UiToolsd.prl
2026-07-30 05:16:56,588 - aqt.updater - INFO - updater 41156 Patching C:\Users\dante\AppData\Local\Temp\cp-player-subtitle-save-build\qt\6.10.3\msvc2022_64\lib\Qt6Widgets.prl
2026-07-30 05:16:56,589 - aqt.updater - INFO - updater 41156 Patching C:\Users\dante\AppData\Local\Temp\cp-player-subtitle-save-build\qt\6.10.3\msvc2022_64\lib\Qt6Widgetsd.prl
2026-07-30 05:16:56,591 - aqt.updater - INFO - updater 41156 Patching C:\Users\dante\AppData\Local\Temp\cp-player-subtitle-save-build\qt\6.10.3\msvc2022_64\lib\Qt6Xml.prl
2026-07-30 05:16:56,592 - aqt.updater - INFO - updater 41156 Patching C:\Users\dante\AppData\Local\Temp\cp-player-subtitle-save-build\qt\6.10.3\msvc2022_64\lib\Qt6Xmld.prl
2026-07-30 05:16:56,601 - aqt.main - INFO - installer 41156 Finished installation
2026-07-30 05:16:56,601 - aqt.main - INFO - installer 41156 Time elapsed: 59.32647790 second
2026-08-20 20:37:34,594 - aqt.main - INFO - installer 27904 aqtinstall(aqt) v3.3.0 on Python 3.12.8 [CPython MSC v.1942 64 bit (AMD64)]
2026-08-20 20:37:34,595 - aqt.helper - DEBUG - helper 27904 Attempt to download checksum at https://download.qt.io/online/qtsdkrepository/windows_x86/desktop/qt6_6103/qt6_6103/Updates.xml.sha256
2026-08-20 20:37:35,980 - aqt.helper - DEBUG - helper 27904 Attempt to download checksum at https://download.qt.io/online/qtsdkrepository/windows_x86/extensions/qtwebengine/6103/msvc2022_64/Updates.xml.sha256
2026-08-20 20:37:37,219 - aqt.archives - INFO - archives 27904 Found extension qtwebengine
2026-08-20 20:37:37,220 - aqt.helper - DEBUG - helper 27904 Attempt to download checksum at https://download.qt.io/online/qtsdkrepository/windows_x86/extensions/qtpdf/6103/msvc2022_64/Updates.xml.sha256
2026-08-20 20:37:38,485 - aqt.archives - INFO - archives 27904 Found extension qtpdf
2026-08-20 20:37:38,833 - aqt.helper - DEBUG - helper 45752 Attempt to download checksum at https://download.qt.io/online/qtsdkrepository/windows_x86/desktop/qt6_6103/qt6_6103/qt.qt6.6103.win64_msvc2022_64/6.10.3-0-202603310407qtbase-Windows-Windows_11_24H2-MSVC2022-Windows-Windows_11_24H2-X86_64.7z.sha256
2026-08-20 20:37:38,839 - aqt.helper - DEBUG - helper 13052 Attempt to download checksum at https://download.qt.io/online/qtsdkrepository/windows_x86/desktop/qt6_6103/qt6_6103/qt.qt6.6103.win64_msvc2022_64/6.10.3-0-202603310407qtsvg-Windows-Windows_11_24H2-MSVC2022-Windows-Windows_11_24H2-X86_64.7z.sha256
2026-08-20 20:37:38,850 - aqt.helper - DEBUG - helper 40044 Attempt to download checksum at https://download.qt.io/online/qtsdkrepository/windows_x86/desktop/qt6_6103/qt6_6103/qt.qt6.6103.win64_msvc2022_64/6.10.3-0-202603310407qtdeclarative-Windows-Windows_11_24H2-MSVC2022-Windows-Windows_11_24H2-X86_64.7z.sha256
2026-08-20 20:37:38,860 - aqt.helper - DEBUG - helper 16408 Attempt to download checksum at https://download.qt.io/online/qtsdkrepository/windows_x86/desktop/qt6_6103/qt6_6103/qt.qt6.6103.win64_msvc2022_64/6.10.3-0-202603310407qttools-Windows-Windows_11_24H2-MSVC2022-Windows-Windows_11_24H2-X86_64.7z.sha256
2026-08-20 20:37:39,632 - aqt.helper - INFO - helper 13052 Downloading qtsvg...
2026-08-20 20:37:39,632 - aqt.installer - DEBUG - installer 13052 Download URL: https://download.qt.io/online/qtsdkrepository/windows_x86/desktop/qt6_6103/qt6_6103/qt.qt6.6103.win64_msvc2022_64/6.10.3-0-202603310407qtsvg-Windows-Windows_11_24H2-MSVC2022-Windows-Windows_11_24H2-X86_64.7z
2026-08-20 20:37:39,638 - aqt.helper - INFO - helper 45752 Downloading qtbase...
2026-08-20 20:37:39,638 - aqt.installer - DEBUG - installer 45752 Download URL: https://download.qt.io/online/qtsdkrepository/windows_x86/desktop/qt6_6103/qt6_6103/qt.qt6.6103.win64_msvc2022_64/6.10.3-0-202603310407qtbase-Windows-Windows_11_24H2-MSVC2022-Windows-Windows_11_24H2-X86_64.7z
2026-08-20 20:37:39,655 - aqt.helper - INFO - helper 40044 Downloading qtdeclarative...
2026-08-20 20:37:39,655 - aqt.installer - DEBUG - installer 40044 Download URL: https://download.qt.io/online/qtsdkrepository/windows_x86/desktop/qt6_6103/qt6_6103/qt.qt6.6103.win64_msvc2022_64/6.10.3-0-202603310407qtdeclarative-Windows-Windows_11_24H2-MSVC2022-Windows-Windows_11_24H2-X86_64.7z
2026-08-20 20:37:39,683 - aqt.helper - INFO - helper 16408 Downloading qttools...
2026-08-20 20:37:39,683 - aqt.installer - DEBUG - installer 16408 Download URL: https://download.qt.io/online/qtsdkrepository/windows_x86/desktop/qt6_6103/qt6_6103/qt.qt6.6103.win64_msvc2022_64/6.10.3-0-202603310407qttools-Windows-Windows_11_24H2-MSVC2022-Windows-Windows_11_24H2-X86_64.7z
2026-08-20 20:37:40,435 - aqt.helper - DEBUG - helper 13052 Asked to redirect(302) to: https://qtproject.mirror.liquidtelecom.com/online/qtsdkrepository/windows_x86/desktop/qt6_6103/qt6_6103/qt.qt6.6103.win64_msvc2022_64/6.10.3-0-202603310407qtsvg-Windows-Windows_11_24H2-MSVC2022-Windows-Windows_11_24H2-X86_64.7z
2026-08-20 20:37:40,435 - aqt.helper - INFO - helper 13052 Redirected: qtproject.mirror.liquidtelecom.com
2026-08-20 20:37:40,435 - aqt.helper - DEBUG - helper 45752 Asked to redirect(302) to: https://qtproject.mirror.liquidtelecom.com/online/qtsdkrepository/windows_x86/desktop/qt6_6103/qt6_6103/qt.qt6.6103.win64_msvc2022_64/6.10.3-0-202603310407qtbase-Windows-Windows_11_24H2-MSVC2022-Windows-Windows_11_24H2-X86_64.7z
2026-08-20 20:37:40,435 - aqt.helper - DEBUG - helper 40044 Asked to redirect(302) to: https://qtproject.mirror.liquidtelecom.com/online/qtsdkrepository/windows_x86/desktop/qt6_6103/qt6_6103/qt.qt6.6103.win64_msvc2022_64/6.10.3-0-202603310407qtdeclarative-Windows-Windows_11_24H2-MSVC2022-Windows-Windows_11_24H2-X86_64.7z
2026-08-20 20:37:40,435 - aqt.helper - INFO - helper 40044 Redirected: qtproject.mirror.liquidtelecom.com
2026-08-20 20:37:40,435 - aqt.helper - INFO - helper 45752 Redirected: qtproject.mirror.liquidtelecom.com
2026-08-20 20:37:40,468 - aqt.helper - DEBUG - helper 16408 Asked to redirect(302) to: https://qtproject.mirror.liquidtelecom.com/online/qtsdkrepository/windows_x86/desktop/qt6_6103/qt6_6103/qt.qt6.6103.win64_msvc2022_64/6.10.3-0-202603310407qttools-Windows-Windows_11_24H2-MSVC2022-Windows-Windows_11_24H2-X86_64.7z
2026-08-20 20:37:40,468 - aqt.helper - INFO - helper 16408 Redirected: qtproject.mirror.liquidtelecom.com
2026-08-20 20:37:43,078 - aqt.installer - INFO - installer 13052 Finished installation of qtsvg-Windows-Windows_11_24H2-MSVC2022-Windows-Windows_11_24H2-X86_64.7z in 4.23933550
2026-08-20 20:37:43,086 - aqt.helper - DEBUG - helper 13052 Attempt to download checksum at https://download.qt.io/online/qtsdkrepository/windows_x86/desktop/qt6_6103/qt6_6103/qt.qt6.6103.win64_msvc2022_64/6.10.3-0-202603310407qttranslations-Windows-Windows_11_24H2-MSVC2022-Windows-Windows_11_24H2-X86_64.7z.sha256
2026-08-20 20:37:43,724 - aqt.helper - INFO - helper 13052 Downloading qttranslations...
2026-08-20 20:37:43,724 - aqt.installer - DEBUG - installer 13052 Download URL: https://download.qt.io/online/qtsdkrepository/windows_x86/desktop/qt6_6103/qt6_6103/qt.qt6.6103.win64_msvc2022_64/6.10.3-0-202603310407qttranslations-Windows-Windows_11_24H2-MSVC2022-Windows-Windows_11_24H2-X86_64.7z
2026-08-20 20:37:44,371 - aqt.helper - DEBUG - helper 13052 Asked to redirect(302) to: https://qtproject.mirror.liquidtelecom.com/online/qtsdkrepository/windows_x86/desktop/qt6_6103/qt6_6103/qt.qt6.6103.win64_msvc2022_64/6.10.3-0-202603310407qttranslations-Windows-Windows_11_24H2-MSVC2022-Windows-Windows_11_24H2-X86_64.7z
2026-08-20 20:37:44,371 - aqt.helper - INFO - helper 13052 Redirected: qtproject.mirror.liquidtelecom.com
2026-08-20 20:37:47,294 - aqt.installer - INFO - installer 13052 Finished installation of qttranslations-Windows-Windows_11_24H2-MSVC2022-Windows-Windows_11_24H2-X86_64.7z in 4.20958810
2026-08-20 20:37:47,304 - aqt.helper - DEBUG - helper 13052 Attempt to download checksum at https://download.qt.io/online/qtsdkrepository/windows_x86/desktop/qt6_6103/qt6_6103/qt.qt6.6103.win64_msvc2022_64/6.10.3-0-202603310407d3dcompiler_47-x64.7z.sha256
2026-08-20 20:37:47,935 - aqt.helper - INFO - helper 13052 Downloading d3dcompiler_47...
2026-08-20 20:37:47,935 - aqt.installer - DEBUG - installer 13052 Download URL: https://download.qt.io/online/qtsdkrepository/windows_x86/desktop/qt6_6103/qt6_6103/qt.qt6.6103.win64_msvc2022_64/6.10.3-0-202603310407d3dcompiler_47-x64.7z
2026-08-20 20:37:48,579 - aqt.helper - DEBUG - helper 13052 Asked to redirect(302) to: https://qtproject.mirror.liquidtelecom.com/online/qtsdkrepository/windows_x86/desktop/qt6_6103/qt6_6103/qt.qt6.6103.win64_msvc2022_64/6.10.3-0-202603310407d3dcompiler_47-x64.7z
2026-08-20 20:37:48,580 - aqt.helper - INFO - helper 13052 Redirected: qtproject.mirror.liquidtelecom.com
2026-08-20 20:37:50,725 - aqt.installer - INFO - installer 16408 Finished installation of qttools-Windows-Windows_11_24H2-MSVC2022-Windows-Windows_11_24H2-X86_64.7z in 11.86621120
2026-08-20 20:37:50,734 - aqt.helper - DEBUG - helper 16408 Attempt to download checksum at https://download.qt.io/online/qtsdkrepository/windows_x86/desktop/qt6_6103/qt6_6103/qt.qt6.6103.win64_msvc2022_64/6.10.3-0-202603310407opengl32sw-64-mesa_11_2_2-signed_sha256.7z.sha256
2026-08-20 20:37:50,815 - aqt.installer - INFO - installer 13052 Finished installation of d3dcompiler_47-x64.7z in 3.51398540
2026-08-20 20:37:51,364 - aqt.helper - INFO - helper 16408 Downloading opengl32sw...
2026-08-20 20:37:51,365 - aqt.installer - DEBUG - installer 16408 Download URL: https://download.qt.io/online/qtsdkrepository/windows_x86/desktop/qt6_6103/qt6_6103/qt.qt6.6103.win64_msvc2022_64/6.10.3-0-202603310407opengl32sw-64-mesa_11_2_2-signed_sha256.7z
2026-08-20 20:37:52,002 - aqt.helper - DEBUG - helper 16408 Asked to redirect(302) to: https://qtproject.mirror.liquidtelecom.com/online/qtsdkrepository/windows_x86/desktop/qt6_6103/qt6_6103/qt.qt6.6103.win64_msvc2022_64/6.10.3-0-202603310407opengl32sw-64-mesa_11_2_2-signed_sha256.7z
2026-08-20 20:37:52,002 - aqt.helper - INFO - helper 16408 Redirected: qtproject.mirror.liquidtelecom.com
2026-08-20 20:37:55,248 - aqt.installer - INFO - installer 16408 Finished installation of opengl32sw-64-mesa_11_2_2-signed_sha256.7z in 4.51563660
2026-08-20 20:38:07,209 - aqt.installer - INFO - installer 45752 Finished installation of qtbase-Windows-Windows_11_24H2-MSVC2022-Windows-Windows_11_24H2-X86_64.7z in 28.37666440
2026-08-20 20:38:40,219 - aqt.helper - DEBUG - helper 16404 Attempt to download checksum at https://download.qt.io/online/qtsdkrepository/windows_x86/desktop/qt6_6103/qt6_6103/Updates.xml.sha256
2026-08-20 20:38:40,711 - aqt.installer - INFO - installer 40044 Finished installation of qtdeclarative-Windows-Windows_11_24H2-MSVC2022-Windows-Windows_11_24H2-X86_64.7z in 61.86106350
2026-08-20 20:38:40,932 - aqt.updater - INFO - updater 27904 Patching C:\Users\dante\AppData\Local\Temp\cp-player-toolchain-20260820\qt\6.10.3\msvc2022_64\bin\qmake.exe
2026-08-20 20:38:40,936 - aqt.updater - INFO - updater 27904 Patching C:\Users\dante\AppData\Local\Temp\cp-player-toolchain-20260820\qt\6.10.3\msvc2022_64\lib\Qt6Concurrent.prl
2026-08-20 20:38:40,937 - aqt.updater - INFO - updater 27904 Patching C:\Users\dante\AppData\Local\Temp\cp-player-toolchain-20260820\qt\6.10.3\msvc2022_64\lib\Qt6Concurrentd.prl
2026-08-20 20:38:40,938 - aqt.updater - INFO - updater 27904 Patching C:\Users\dante\AppData\Local\Temp\cp-player-toolchain-20260820\qt\6.10.3\msvc2022_64\lib\Qt6Core.prl
2026-08-20 20:38:40,939 - aqt.updater - INFO - updater 27904 Patching C:\Users\dante\AppData\Local\Temp\cp-player-toolchain-20260820\qt\6.10.3\msvc2022_64\lib\Qt6Cored.prl
2026-08-20 20:38:40,939 - aqt.updater - INFO - updater 27904 Patching C:\Users\dante\AppData\Local\Temp\cp-player-toolchain-20260820\qt\6.10.3\msvc2022_64\lib\Qt6DBus.prl
2026-08-20 20:38:40,940 - aqt.updater - INFO - updater 27904 Patching C:\Users\dante\AppData\Local\Temp\cp-player-toolchain-20260820\qt\6.10.3\msvc2022_64\lib\Qt6DBusd.prl
2026-08-20 20:38:40,941 - aqt.updater - INFO - updater 27904 Patching C:\Users\dante\AppData\Local\Temp\cp-player-toolchain-20260820\qt\6.10.3\msvc2022_64\lib\Qt6Designer.prl
2026-08-20 20:38:40,941 - aqt.updater - INFO - updater 27904 Patching C:\Users\dante\AppData\Local\Temp\cp-player-toolchain-20260820\qt\6.10.3\msvc2022_64\lib\Qt6DesignerComponents.prl
2026-08-20 20:38:40,942 - aqt.updater - INFO - updater 27904 Patching C:\Users\dante\AppData\Local\Temp\cp-player-toolchain-20260820\qt\6.10.3\msvc2022_64\lib\Qt6DesignerComponentsd.prl
2026-08-20 20:38:40,943 - aqt.updater - INFO - updater 27904 Patching C:\Users\dante\AppData\Local\Temp\cp-player-toolchain-20260820\qt\6.10.3\msvc2022_64\lib\Qt6Designerd.prl
2026-08-20 20:38:40,943 - aqt.updater - INFO - updater 27904 Patching C:\Users\dante\AppData\Local\Temp\cp-player-toolchain-20260820\qt\6.10.3\msvc2022_64\lib\Qt6DeviceDiscoverySupport.prl
2026-08-20 20:38:40,944 - aqt.updater - INFO - updater 27904 Patching C:\Users\dante\AppData\Local\Temp\cp-player-toolchain-20260820\qt\6.10.3\msvc2022_64\lib\Qt6DeviceDiscoverySupportd.prl
2026-08-20 20:38:40,945 - aqt.updater - INFO - updater 27904 Patching C:\Users\dante\AppData\Local\Temp\cp-player-toolchain-20260820\qt\6.10.3\msvc2022_64\lib\Qt6EntryPoint.prl
2026-08-20 20:38:40,945 - aqt.updater - INFO - updater 27904 Patching C:\Users\dante\AppData\Local\Temp\cp-player-toolchain-20260820\qt\6.10.3\msvc2022_64\lib\Qt6EntryPointd.prl
2026-08-20 20:38:40,946 - aqt.updater - INFO - updater 27904 Patching C:\Users\dante\AppData\Local\Temp\cp-player-toolchain-20260820\qt\6.10.3\msvc2022_64\lib\Qt6ExampleIcons.prl
2026-08-20 20:38:40,946 - aqt.updater - INFO - updater 27904 Patching C:\Users\dante\AppData\Local\Temp\cp-player-toolchain-20260820\qt\6.10.3\msvc2022_64\lib\Qt6ExampleIconsd.prl
2026-08-20 20:38:40,948 - aqt.updater - INFO - updater 27904 Patching C:\Users\dante\AppData\Local\Temp\cp-player-toolchain-20260820\qt\6.10.3\msvc2022_64\lib\Qt6ExamplesAssetDownloader.prl
2026-08-20 20:38:40,949 - aqt.updater - INFO - updater 27904 Patching C:\Users\dante\AppData\Local\Temp\cp-player-toolchain-20260820\qt\6.10.3\msvc2022_64\lib\Qt6ExamplesAssetDownloaderd.prl
2026-08-20 20:38:40,950 - aqt.updater - INFO - updater 27904 Patching C:\Users\dante\AppData\Local\Temp\cp-player-toolchain-20260820\qt\6.10.3\msvc2022_64\lib\Qt6FbSupport.prl
2026-08-20 20:38:40,951 - aqt.updater - INFO - updater 27904 Patching C:\Users\dante\AppData\Local\Temp\cp-player-toolchain-20260820\qt\6.10.3\msvc2022_64\lib\Qt6FbSupportd.prl
2026-08-20 20:38:40,952 - aqt.updater - INFO - updater 27904 Patching C:\Users\dante\AppData\Local\Temp\cp-player-toolchain-20260820\qt\6.10.3\msvc2022_64\lib\Qt6Gui.prl
2026-08-20 20:38:40,952 - aqt.updater - INFO - updater 27904 Patching C:\Users\dante\AppData\Local\Temp\cp-player-toolchain-20260820\qt\6.10.3\msvc2022_64\lib\Qt6Guid.prl
2026-08-20 20:38:40,953 - aqt.updater - INFO - updater 27904 Patching C:\Users\dante\AppData\Local\Temp\cp-player-toolchain-20260820\qt\6.10.3\msvc2022_64\lib\Qt6Help.prl
2026-08-20 20:38:40,954 - aqt.updater - INFO - updater 27904 Patching C:\Users\dante\AppData\Local\Temp\cp-player-toolchain-20260820\qt\6.10.3\msvc2022_64\lib\Qt6Helpd.prl
2026-08-20 20:38:40,955 - aqt.updater - INFO - updater 27904 Patching C:\Users\dante\AppData\Local\Temp\cp-player-toolchain-20260820\qt\6.10.3\msvc2022_64\lib\Qt6LabsAnimation.prl
2026-08-20 20:38:40,955 - aqt.updater - INFO - updater 27904 Patching C:\Users\dante\AppData\Local\Temp\cp-player-toolchain-20260820\qt\6.10.3\msvc2022_64\lib\Qt6LabsAnimationd.prl
2026-08-20 20:38:40,956 - aqt.updater - INFO - updater 27904 Patching C:\Users\dante\AppData\Local\Temp\cp-player-toolchain-20260820\qt\6.10.3\msvc2022_64\lib\Qt6LabsFolderListModel.prl
2026-08-20 20:38:40,957 - aqt.updater - INFO - updater 27904 Patching C:\Users\dante\AppData\Local\Temp\cp-player-toolchain-20260820\qt\6.10.3\msvc2022_64\lib\Qt6LabsFolderListModeld.prl
2026-08-20 20:38:40,959 - aqt.updater - INFO - updater 27904 Patching C:\Users\dante\AppData\Local\Temp\cp-player-toolchain-20260820\qt\6.10.3\msvc2022_64\lib\Qt6LabsPlatform.prl
2026-08-20 20:38:40,960 - aqt.updater - INFO - updater 27904 Patching C:\Users\dante\AppData\Local\Temp\cp-player-toolchain-20260820\qt\6.10.3\msvc2022_64\lib\Qt6LabsPlatformd.prl
2026-08-20 20:38:40,960 - aqt.updater - INFO - updater 27904 Patching C:\Users\dante\AppData\Local\Temp\cp-player-toolchain-20260820\qt\6.10.3\msvc2022_64\lib\Qt6LabsQmlModels.prl
2026-08-20 20:38:40,961 - aqt.updater - INFO - updater 27904 Patching C:\Users\dante\AppData\Local\Temp\cp-player-toolchain-20260820\qt\6.10.3\msvc2022_64\lib\Qt6LabsQmlModelsd.prl
2026-08-20 20:38:40,962 - aqt.updater - INFO - updater 27904 Patching C:\Users\dante\AppData\Local\Temp\cp-player-toolchain-20260820\qt\6.10.3\msvc2022_64\lib\Qt6LabsSettings.prl
2026-08-20 20:38:40,962 - aqt.updater - INFO - updater 27904 Patching C:\Users\dante\AppData\Local\Temp\cp-player-toolchain-20260820\qt\6.10.3\msvc2022_64\lib\Qt6LabsSettingsd.prl
2026-08-20 20:38:40,963 - aqt.updater - INFO - updater 27904 Patching C:\Users\dante\AppData\Local\Temp\cp-player-toolchain-20260820\qt\6.10.3\msvc2022_64\lib\Qt6LabsSharedImage.prl
2026-08-20 20:38:40,964 - aqt.updater - INFO - updater 27904 Patching C:\Users\dante\AppData\Local\Temp\cp-player-toolchain-20260820\qt\6.10.3\msvc2022_64\lib\Qt6LabsSharedImaged.prl
2026-08-20 20:38:40,965 - aqt.updater - INFO - updater 27904 Patching C:\Users\dante\AppData\Local\Temp\cp-player-toolchain-20260820\qt\6.10.3\msvc2022_64\lib\Qt6LabsSynchronizer.prl
2026-08-20 20:38:40,965 - aqt.updater - INFO - updater 27904 Patching C:\Users\dante\AppData\Local\Temp\cp-player-toolchain-20260820\qt\6.10.3\msvc2022_64\lib\Qt6LabsSynchronizerd.prl
2026-08-20 20:38:40,966 - aqt.updater - INFO - updater 27904 Patching C:\Users\dante\AppData\Local\Temp\cp-player-toolchain-20260820\qt\6.10.3\msvc2022_64\lib\Qt6LabsWavefrontMesh.prl
2026-08-20 20:38:40,967 - aqt.updater - INFO - updater 27904 Patching C:\Users\dante\AppData\Local\Temp\cp-player-toolchain-20260820\qt\6.10.3\msvc2022_64\lib\Qt6LabsWavefrontMeshd.prl
2026-08-20 20:38:40,968 - aqt.updater - INFO - updater 27904 Patching C:\Users\dante\AppData\Local\Temp\cp-player-toolchain-20260820\qt\6.10.3\msvc2022_64\lib\Qt6Network.prl
2026-08-20 20:38:40,969 - aqt.updater - INFO - updater 27904 Patching C:\Users\dante\AppData\Local\Temp\cp-player-toolchain-20260820\qt\6.10.3\msvc2022_64\lib\Qt6Networkd.prl
2026-08-20 20:38:40,969 - aqt.updater - INFO - updater 27904 Patching C:\Users\dante\AppData\Local\Temp\cp-player-toolchain-20260820\qt\6.10.3\msvc2022_64\lib\Qt6OpenGL.prl
2026-08-20 20:38:40,970 - aqt.updater - INFO - updater 27904 Patching C:\Users\dante\AppData\Local\Temp\cp-player-toolchain-20260820\qt\6.10.3\msvc2022_64\lib\Qt6OpenGLd.prl
2026-08-20 20:38:40,972 - aqt.updater - INFO - updater 27904 Patching C:\Users\dante\AppData\Local\Temp\cp-player-toolchain-20260820\qt\6.10.3\msvc2022_64\lib\Qt6OpenGLWidgets.prl
2026-08-20 20:38:40,973 - aqt.updater - INFO - updater 27904 Patching C:\Users\dante\AppData\Local\Temp\cp-player-toolchain-20260820\qt\6.10.3\msvc2022_64\lib\Qt6OpenGLWidgetsd.prl
2026-08-20 20:38:40,974 - aqt.updater - INFO - updater 27904 Patching C:\Users\dante\AppData\Local\Temp\cp-player-toolchain-20260820\qt\6.10.3\msvc2022_64\lib\Qt6PacketProtocol.prl
2026-08-20 20:38:40,975 - aqt.updater - INFO - updater 27904 Patching C:\Users\dante\AppData\Local\Temp\cp-player-toolchain-20260820\qt\6.10.3\msvc2022_64\lib\Qt6PacketProtocold.prl
2026-08-20 20:38:40,975 - aqt.updater - INFO - updater 27904 Patching C:\Users\dante\AppData\Local\Temp\cp-player-toolchain-20260820\qt\6.10.3\msvc2022_64\lib\Qt6PrintSupport.prl
2026-08-20 20:38:40,976 - aqt.updater - INFO - updater 27904 Patching C:\Users\dante\AppData\Local\Temp\cp-player-toolchain-20260820\qt\6.10.3\msvc2022_64\lib\Qt6PrintSupportd.prl
2026-08-20 20:38:40,977 - aqt.updater - INFO - updater 27904 Patching C:\Users\dante\AppData\Local\Temp\cp-player-toolchain-20260820\qt\6.10.3\msvc2022_64\lib\Qt6Qml.prl
2026-08-20 20:38:40,977 - aqt.updater - INFO - updater 27904 Patching C:\Users\dante\AppData\Local\Temp\cp-player-toolchain-20260820\qt\6.10.3\msvc2022_64\lib\Qt6QmlAssetDownloader.prl
2026-08-20 20:38:40,979 - aqt.updater - INFO - updater 27904 Patching C:\Users\dante\AppData\Local\Temp\cp-player-toolchain-20260820\qt\6.10.3\msvc2022_64\lib\Qt6QmlAssetDownloaderd.prl
2026-08-20 20:38:40,979 - aqt.updater - INFO - updater 27904 Patching C:\Users\dante\AppData\Local\Temp\cp-player-toolchain-20260820\qt\6.10.3\msvc2022_64\lib\Qt6QmlCompiler.prl
2026-08-20 20:38:40,980 - aqt.updater - INFO - updater 27904 Patching C:\Users\dante\AppData\Local\Temp\cp-player-toolchain-20260820\qt\6.10.3\msvc2022_64\lib\Qt6QmlCompilerd.prl
2026-08-20 20:38:40,981 - aqt.updater - INFO - updater 27904 Patching C:\Users\dante\AppData\Local\Temp\cp-player-toolchain-20260820\qt\6.10.3\msvc2022_64\lib\Qt6QmlCore.prl
2026-08-20 20:38:40,982 - aqt.updater - INFO - updater 27904 Patching C:\Users\dante\AppData\Local\Temp\cp-player-toolchain-20260820\qt\6.10.3\msvc2022_64\lib\Qt6QmlCored.prl
2026-08-20 20:38:40,983 - aqt.updater - INFO - updater 27904 Patching C:\Users\dante\AppData\Local\Temp\cp-player-toolchain-20260820\qt\6.10.3\msvc2022_64\lib\Qt6Qmld.prl
2026-08-20 20:38:40,983 - aqt.updater - INFO - updater 27904 Patching C:\Users\dante\AppData\Local\Temp\cp-player-toolchain-20260820\qt\6.10.3\msvc2022_64\lib\Qt6QmlDebug.prl
2026-08-20 20:38:40,984 - aqt.updater - INFO - updater 27904 Patching C:\Users\dante\AppData\Local\Temp\cp-player-toolchain-20260820\qt\6.10.3\msvc2022_64\lib\Qt6QmlDebugd.prl
2026-08-20 20:38:40,985 - aqt.updater - INFO - updater 27904 Patching C:\Users\dante\AppData\Local\Temp\cp-player-toolchain-20260820\qt\6.10.3\msvc2022_64\lib\Qt6QmlDom.prl
2026-08-20 20:38:40,986 - aqt.updater - INFO - updater 27904 Patching C:\Users\dante\AppData\Local\Temp\cp-player-toolchain-20260820\qt\6.10.3\msvc2022_64\lib\Qt6QmlDomd.prl
2026-08-20 20:38:40,987 - aqt.updater - INFO - updater 27904 Patching C:\Users\dante\AppData\Local\Temp\cp-player-toolchain-20260820\qt\6.10.3\msvc2022_64\lib\Qt6QmlFormat.prl
2026-08-20 20:38:40,988 - aqt.updater - INFO - updater 27904 Patching C:\Users\dante\AppData\Local\Temp\cp-player-toolchain-20260820\qt\6.10.3\msvc2022_64\lib\Qt6QmlFormatd.prl
2026-08-20 20:38:40,989 - aqt.updater - INFO - updater 27904 Patching C:\Users\dante\AppData\Local\Temp\cp-player-toolchain-20260820\qt\6.10.3\msvc2022_64\lib\Qt6QmlLocalStorage.prl
2026-08-20 20:38:40,989 - aqt.updater - INFO - updater 27904 Patching C:\Users\dante\AppData\Local\Temp\cp-player-toolchain-20260820\qt\6.10.3\msvc2022_64\lib\Qt6QmlLocalStoraged.prl
2026-08-20 20:38:40,990 - aqt.updater - INFO - updater 27904 Patching C:\Users\dante\AppData\Local\Temp\cp-player-toolchain-20260820\qt\6.10.3\msvc2022_64\lib\Qt6QmlLS.prl
2026-08-20 20:38:40,991 - aqt.updater - INFO - updater 27904 Patching C:\Users\dante\AppData\Local\Temp\cp-player-toolchain-20260820\qt\6.10.3\msvc2022_64\lib\Qt6QmlLSd.prl
2026-08-20 20:38:40,992 - aqt.updater - INFO - updater 27904 Patching C:\Users\dante\AppData\Local\Temp\cp-player-toolchain-20260820\qt\6.10.3\msvc2022_64\lib\Qt6QmlMeta.prl
2026-08-20 20:38:40,992 - aqt.updater - INFO - updater 27904 Patching C:\Users\dante\AppData\Local\Temp\cp-player-toolchain-20260820\qt\6.10.3\msvc2022_64\lib\Qt6QmlMetad.prl
2026-08-20 20:38:40,993 - aqt.updater - INFO - updater 27904 Patching C:\Users\dante\AppData\Local\Temp\cp-player-toolchain-20260820\qt\6.10.3\msvc2022_64\lib\Qt6QmlModels.prl
2026-08-20 20:38:40,993 - aqt.updater - INFO - updater 27904 Patching C:\Users\dante\AppData\Local\Temp\cp-player-toolchain-20260820\qt\6.10.3\msvc2022_64\lib\Qt6QmlModelsd.prl
2026-08-20 20:38:40,994 - aqt.updater - INFO - updater 27904 Patching C:\Users\dante\AppData\Local\Temp\cp-player-toolchain-20260820\qt\6.10.3\msvc2022_64\lib\Qt6QmlNetwork.prl
2026-08-20 20:38:40,994 - aqt.updater - INFO - updater 27904 Patching C:\Users\dante\AppData\Local\Temp\cp-player-toolchain-20260820\qt\6.10.3\msvc2022_64\lib\Qt6QmlNetworkd.prl
2026-08-20 20:38:40,995 - aqt.updater - INFO - updater 27904 Patching C:\Users\dante\AppData\Local\Temp\cp-player-toolchain-20260820\qt\6.10.3\msvc2022_64\lib\Qt6QmlToolingSettings.prl
2026-08-20 20:38:40,996 - aqt.updater - INFO - updater 27904 Patching C:\Users\dante\AppData\Local\Temp\cp-player-toolchain-20260820\qt\6.10.3\msvc2022_64\lib\Qt6QmlToolingSettingsd.prl
2026-08-20 20:38:40,997 - aqt.updater - INFO - updater 27904 Patching C:\Users\dante\AppData\Local\Temp\cp-player-toolchain-20260820\qt\6.10.3\msvc2022_64\lib\Qt6QmlTypeRegistrar.prl
2026-08-20 20:38:40,998 - aqt.updater - INFO - updater 27904 Patching C:\Users\dante\AppData\Local\Temp\cp-player-toolchain-20260820\qt\6.10.3\msvc2022_64\lib\Qt6QmlTypeRegistrard.prl
2026-08-20 20:38:40,999 - aqt.updater - INFO - updater 27904 Patching C:\Users\dante\AppData\Local\Temp\cp-player-toolchain-20260820\qt\6.10.3\msvc2022_64\lib\Qt6QmlWorkerScript.prl
2026-08-20 20:38:40,999 - aqt.updater - INFO - updater 27904 Patching C:\Users\dante\AppData\Local\Temp\cp-player-toolchain-20260820\qt\6.10.3\msvc2022_64\lib\Qt6QmlWorkerScriptd.prl
2026-08-20 20:38:41,000 - aqt.updater - INFO - updater 27904 Patching C:\Users\dante\AppData\Local\Temp\cp-player-toolchain-20260820\qt\6.10.3\msvc2022_64\lib\Qt6QmlXmlListModel.prl
2026-08-20 20:38:41,001 - aqt.updater - INFO - updater 27904 Patching C:\Users\dante\AppData\Local\Temp\cp-player-toolchain-20260820\qt\6.10.3\msvc2022_64\lib\Qt6QmlXmlListModeld.prl
2026-08-20 20:38:41,002 - aqt.updater - INFO - updater 27904 Patching C:\Users\dante\AppData\Local\Temp\cp-player-toolchain-20260820\qt\6.10.3\msvc2022_64\lib\Qt6Quick.prl
2026-08-20 20:38:41,003 - aqt.updater - INFO - updater 27904 Patching C:\Users\dante\AppData\Local\Temp\cp-player-toolchain-20260820\qt\6.10.3\msvc2022_64\lib\Qt6QuickControls2.prl
2026-08-20 20:38:41,004 - aqt.updater - INFO - updater 27904 Patching C:\Users\dante\AppData\Local\Temp\cp-player-toolchain-20260820\qt\6.10.3\msvc2022_64\lib\Qt6QuickControls2Basic.prl
2026-08-20 20:38:41,005 - aqt.updater - INFO - updater 27904 Patching C:\Users\dante\AppData\Local\Temp\cp-player-toolchain-20260820\qt\6.10.3\msvc2022_64\lib\Qt6QuickControls2Basicd.prl
2026-08-20 20:38:41,005 - aqt.updater - INFO - updater 27904 Patching C:\Users\dante\AppData\Local\Temp\cp-player-toolchain-20260820\qt\6.10.3\msvc2022_64\lib\Qt6QuickControls2BasicStyleImpl.prl
2026-08-20 20:38:41,006 - aqt.updater - INFO - updater 27904 Patching C:\Users\dante\AppData\Local\Temp\cp-player-toolchain-20260820\qt\6.10.3\msvc2022_64\lib\Qt6QuickControls2BasicStyleImpld.prl
2026-08-20 20:38:41,007 - aqt.updater - INFO - updater 27904 Patching C:\Users\dante\AppData\Local\Temp\cp-player-toolchain-20260820\qt\6.10.3\msvc2022_64\lib\Qt6QuickControls2d.prl
2026-08-20 20:38:41,008 - aqt.updater - INFO - updater 27904 Patching C:\Users\dante\AppData\Local\Temp\cp-player-toolchain-20260820\qt\6.10.3\msvc2022_64\lib\Qt6QuickControls2FluentWinUI3StyleImpl.prl
2026-08-20 20:38:41,008 - aqt.updater - INFO - updater 27904 Patching C:\Users\dante\AppData\Local\Temp\cp-player-toolchain-20260820\qt\6.10.3\msvc2022_64\lib\Qt6QuickControls2FluentWinUI3StyleImpld.prl
2026-08-20 20:38:41,009 - aqt.updater - INFO - updater 27904 Patching C:\Users\dante\AppData\Local\Temp\cp-player-toolchain-20260820\qt\6.10.3\msvc2022_64\lib\Qt6QuickControls2Fusion.prl
2026-08-20 20:38:41,010 - aqt.updater - INFO - updater 27904 Patching C:\Users\dante\AppData\Local\Temp\cp-player-toolchain-20260820\qt\6.10.3\msvc2022_64\lib\Qt6QuickControls2Fusiond.prl
2026-08-20 20:38:41,011 - aqt.updater - INFO - updater 27904 Patching C:\Users\dante\AppData\Local\Temp\cp-player-toolchain-20260820\qt\6.10.3\msvc2022_64\lib\Qt6QuickControls2FusionStyleImpl.prl
2026-08-20 20:38:41,011 - aqt.updater - INFO - updater 27904 Patching C:\Users\dante\AppData\Local\Temp\cp-player-toolchain-20260820\qt\6.10.3\msvc2022_64\lib\Qt6QuickControls2FusionStyleImpld.prl
2026-08-20 20:38:41,012 - aqt.updater - INFO - updater 27904 Patching C:\Users\dante\AppData\Local\Temp\cp-player-toolchain-20260820\qt\6.10.3\msvc2022_64\lib\Qt6QuickControls2Imagine.prl
2026-08-20 20:38:41,013 - aqt.updater - INFO - updater 27904 Patching C:\Users\dante\AppData\Local\Temp\cp-player-toolchain-20260820\qt\6.10.3\msvc2022_64\lib\Qt6QuickControls2Imagined.prl
2026-08-20 20:38:41,014 - aqt.updater - INFO - updater 27904 Patching C:\Users\dante\AppData\Local\Temp\cp-player-toolchain-20260820\qt\6.10.3\msvc2022_64\lib\Qt6QuickControls2ImagineStyleImpl.prl
2026-08-20 20:38:41,015 - aqt.updater - INFO - updater 27904 Patching C:\Users\dante\AppData\Local\Temp\cp-player-toolchain-20260820\qt\6.10.3\msvc2022_64\lib\Qt6QuickControls2ImagineStyleImpld.prl
2026-08-20 20:38:41,017 - aqt.updater - INFO - updater 27904 Patching C:\Users\dante\AppData\Local\Temp\cp-player-toolchain-20260820\qt\6.10.3\msvc2022_64\lib\Qt6QuickControls2Impl.prl
2026-08-20 20:38:41,018 - aqt.updater - INFO - updater 27904 Patching C:\Users\dante\AppData\Local\Temp\cp-player-toolchain-20260820\qt\6.10.3\msvc2022_64\lib\Qt6QuickControls2Impld.prl
2026-08-20 20:38:41,019 - aqt.updater - INFO - updater 27904 Patching C:\Users\dante\AppData\Local\Temp\cp-player-toolchain-20260820\qt\6.10.3\msvc2022_64\lib\Qt6QuickControls2Material.prl
2026-08-20 20:38:41,020 - aqt.updater - INFO - updater 27904 Patching C:\Users\dante\AppData\Local\Temp\cp-player-toolchain-20260820\qt\6.10.3\msvc2022_64\lib\Qt6QuickControls2Materiald.prl
2026-08-20 20:38:41,021 - aqt.updater - INFO - updater 27904 Patching C:\Users\dante\AppData\Local\Temp\cp-player-toolchain-20260820\qt\6.10.3\msvc2022_64\lib\Qt6QuickControls2MaterialStyleImpl.prl
2026-08-20 20:38:41,022 - aqt.updater - INFO - updater 27904 Patching C:\Users\dante\AppData\Local\Temp\cp-player-toolchain-20260820\qt\6.10.3\msvc2022_64\lib\Qt6QuickControls2MaterialStyleImpld.prl
2026-08-20 20:38:41,022 - aqt.updater - INFO - updater 27904 Patching C:\Users\dante\AppData\Local\Temp\cp-player-toolchain-20260820\qt\6.10.3\msvc2022_64\lib\Qt6QuickControls2Universal.prl
2026-08-20 20:38:41,023 - aqt.updater - INFO - updater 27904 Patching C:\Users\dante\AppData\Local\Temp\cp-player-toolchain-20260820\qt\6.10.3\msvc2022_64\lib\Qt6QuickControls2Universald.prl
2026-08-20 20:38:41,024 - aqt.updater - INFO - updater 27904 Patching C:\Users\dante\AppData\Local\Temp\cp-player-toolchain-20260820\qt\6.10.3\msvc2022_64\lib\Qt6QuickControls2UniversalStyleImpl.prl
2026-08-20 20:38:41,025 - aqt.updater - INFO - updater 27904 Patching C:\Users\dante\AppData\Local\Temp\cp-player-toolchain-20260820\qt\6.10.3\msvc2022_64\lib\Qt6QuickControls2UniversalStyleImpld.prl
2026-08-20 20:38:41,025 - aqt.updater - INFO - updater 27904 Patching C:\Users\dante\AppData\Local\Temp\cp-player-toolchain-20260820\qt\6.10.3\msvc2022_64\lib\Qt6QuickControls2WindowsStyleImpl.prl
2026-08-20 20:38:41,026 - aqt.updater - INFO - updater 27904 Patching C:\Users\dante\AppData\Local\Temp\cp-player-toolchain-20260820\qt\6.10.3\msvc2022_64\lib\Qt6QuickControls2WindowsStyleImpld.prl
2026-08-20 20:38:41,027 - aqt.updater - INFO - updater 27904 Patching C:\Users\dante\AppData\Local\Temp\cp-player-toolchain-20260820\qt\6.10.3\msvc2022_64\lib\Qt6QuickControlsTestUtils.prl
2026-08-20 20:38:41,028 - aqt.updater - INFO - updater 27904 Patching C:\Users\dante\AppData\Local\Temp\cp-player-toolchain-20260820\qt\6.10.3\msvc2022_64\lib\Qt6QuickControlsTestUtilsd.prl
2026-08-20 20:38:41,029 - aqt.updater - INFO - updater 27904 Patching C:\Users\dante\AppData\Local\Temp\cp-player-toolchain-20260820\qt\6.10.3\msvc2022_64\lib\Qt6Quickd.prl
2026-08-20 20:38:41,030 - aqt.updater - INFO - updater 27904 Patching C:\Users\dante\AppData\Local\Temp\cp-player-toolchain-20260820\qt\6.10.3\msvc2022_64\lib\Qt6QuickDialogs2.prl
2026-08-20 20:38:41,031 - aqt.updater - INFO - updater 27904 Patching C:\Users\dante\AppData\Local\Temp\cp-player-toolchain-20260820\qt\6.10.3\msvc2022_64\lib\Qt6QuickDialogs2d.prl
2026-08-20 20:38:41,031 - aqt.updater - INFO - updater 27904 Patching C:\Users\dante\AppData\Local\Temp\cp-player-toolchain-20260820\qt\6.10.3\msvc2022_64\lib\Qt6QuickDialogs2QuickImpl.prl
2026-08-20 20:38:41,032 - aqt.updater - INFO - updater 27904 Patching C:\Users\dante\AppData\Local\Temp\cp-player-toolchain-20260820\qt\6.10.3\msvc2022_64\lib\Qt6QuickDialogs2QuickImpld.prl
2026-08-20 20:38:41,033 - aqt.updater - INFO - updater 27904 Patching C:\Users\dante\AppData\Local\Temp\cp-player-toolchain-20260820\qt\6.10.3\msvc2022_64\lib\Qt6QuickDialogs2Utils.prl
2026-08-20 20:38:41,034 - aqt.updater - INFO - updater 27904 Patching C:\Users\dante\AppData\Local\Temp\cp-player-toolchain-20260820\qt\6.10.3\msvc2022_64\lib\Qt6QuickDialogs2Utilsd.prl
2026-08-20 20:38:41,035 - aqt.updater - INFO - updater 27904 Patching C:\Users\dante\AppData\Local\Temp\cp-player-toolchain-20260820\qt\6.10.3\msvc2022_64\lib\Qt6QuickEffects.prl
2026-08-20 20:38:41,035 - aqt.updater - INFO - updater 27904 Patching C:\Users\dante\AppData\Local\Temp\cp-player-toolchain-20260820\qt\6.10.3\msvc2022_64\lib\Qt6QuickEffectsd.prl
2026-08-20 20:38:41,036 - aqt.updater - INFO - updater 27904 Patching C:\Users\dante\AppData\Local\Temp\cp-player-toolchain-20260820\qt\6.10.3\msvc2022_64\lib\Qt6QuickLayouts.prl
2026-08-20 20:38:41,038 - aqt.updater - INFO - updater 27904 Patching C:\Users\dante\AppData\Local\Temp\cp-player-toolchain-20260820\qt\6.10.3\msvc2022_64\lib\Qt6QuickLayoutsd.prl
2026-08-20 20:38:41,038 - aqt.updater - INFO - updater 27904 Patching C:\Users\dante\AppData\Local\Temp\cp-player-toolchain-20260820\qt\6.10.3\msvc2022_64\lib\Qt6QuickParticles.prl
2026-08-20 20:38:41,039 - aqt.updater - INFO - updater 27904 Patching C:\Users\dante\AppData\Local\Temp\cp-player-toolchain-20260820\qt\6.10.3\msvc2022_64\lib\Qt6QuickParticlesd.prl
2026-08-20 20:38:41,040 - aqt.updater - INFO - updater 27904 Patching C:\Users\dante\AppData\Local\Temp\cp-player-toolchain-20260820\qt\6.10.3\msvc2022_64\lib\Qt6QuickShapes.prl
2026-08-20 20:38:41,041 - aqt.updater - INFO - updater 27904 Patching C:\Users\dante\AppData\Local\Temp\cp-player-toolchain-20260820\qt\6.10.3\msvc2022_64\lib\Qt6QuickShapesd.prl
2026-08-20 20:38:41,041 - aqt.updater - INFO - updater 27904 Patching C:\Users\dante\AppData\Local\Temp\cp-player-toolchain-20260820\qt\6.10.3\msvc2022_64\lib\Qt6QuickShapesDesignHelpers.prl
2026-08-20 20:38:41,042 - aqt.updater - INFO - updater 27904 Patching C:\Users\dante\AppData\Local\Temp\cp-player-toolchain-20260820\qt\6.10.3\msvc2022_64\lib\Qt6QuickShapesDesignHelpersd.prl
2026-08-20 20:38:41,043 - aqt.updater - INFO - updater 27904 Patching C:\Users\dante\AppData\Local\Temp\cp-player-toolchain-20260820\qt\6.10.3\msvc2022_64\lib\Qt6QuickTemplates2.prl
2026-08-20 20:38:41,044 - aqt.updater - INFO - updater 27904 Patching C:\Users\dante\AppData\Local\Temp\cp-player-toolchain-20260820\qt\6.10.3\msvc2022_64\lib\Qt6QuickTemplates2d.prl
2026-08-20 20:38:41,044 - aqt.updater - INFO - updater 27904 Patching C:\Users\dante\AppData\Local\Temp\cp-player-toolchain-20260820\qt\6.10.3\msvc2022_64\lib\Qt6QuickTest.prl
2026-08-20 20:38:41,045 - aqt.updater - INFO - updater 27904 Patching C:\Users\dante\AppData\Local\Temp\cp-player-toolchain-20260820\qt\6.10.3\msvc2022_64\lib\Qt6QuickTestd.prl
2026-08-20 20:38:41,046 - aqt.updater - INFO - updater 27904 Patching C:\Users\dante\AppData\Local\Temp\cp-player-toolchain-20260820\qt\6.10.3\msvc2022_64\lib\Qt6QuickTestUtils.prl
2026-08-20 20:38:41,047 - aqt.updater - INFO - updater 27904 Patching C:\Users\dante\AppData\Local\Temp\cp-player-toolchain-20260820\qt\6.10.3\msvc2022_64\lib\Qt6QuickTestUtilsd.prl
2026-08-20 20:38:41,048 - aqt.updater - INFO - updater 27904 Patching C:\Users\dante\AppData\Local\Temp\cp-player-toolchain-20260820\qt\6.10.3\msvc2022_64\lib\Qt6QuickVectorImage.prl
2026-08-20 20:38:41,049 - aqt.updater - INFO - updater 27904 Patching C:\Users\dante\AppData\Local\Temp\cp-player-toolchain-20260820\qt\6.10.3\msvc2022_64\lib\Qt6QuickVectorImaged.prl
2026-08-20 20:38:41,050 - aqt.updater - INFO - updater 27904 Patching C:\Users\dante\AppData\Local\Temp\cp-player-toolchain-20260820\qt\6.10.3\msvc2022_64\lib\Qt6QuickVectorImageGenerator.prl
2026-08-20 20:38:41,051 - aqt.updater - INFO - updater 27904 Patching C:\Users\dante\AppData\Local\Temp\cp-player-toolchain-20260820\qt\6.10.3\msvc2022_64\lib\Qt6QuickVectorImageGeneratord.prl
2026-08-20 20:38:41,052 - aqt.updater - INFO - updater 27904 Patching C:\Users\dante\AppData\Local\Temp\cp-player-toolchain-20260820\qt\6.10.3\msvc2022_64\lib\Qt6QuickVectorImageHelpers.prl
2026-08-20 20:38:41,052 - aqt.updater - INFO - updater 27904 Patching C:\Users\dante\AppData\Local\Temp\cp-player-toolchain-20260820\qt\6.10.3\msvc2022_64\lib\Qt6QuickVectorImageHelpersd.prl
2026-08-20 20:38:41,053 - aqt.updater - INFO - updater 27904 Patching C:\Users\dante\AppData\Local\Temp\cp-player-toolchain-20260820\qt\6.10.3\msvc2022_64\lib\Qt6QuickWidgets.prl
2026-08-20 20:38:41,054 - aqt.updater - INFO - updater 27904 Patching C:\Users\dante\AppData\Local\Temp\cp-player-toolchain-20260820\qt\6.10.3\msvc2022_64\lib\Qt6QuickWidgetsd.prl
2026-08-20 20:38:41,055 - aqt.updater - INFO - updater 27904 Patching C:\Users\dante\AppData\Local\Temp\cp-player-toolchain-20260820\qt\6.10.3\msvc2022_64\lib\Qt6Sql.prl
2026-08-20 20:38:41,055 - aqt.updater - INFO - updater 27904 Patching C:\Users\dante\AppData\Local\Temp\cp-player-toolchain-20260820\qt\6.10.3\msvc2022_64\lib\Qt6Sqld.prl
2026-08-20 20:38:41,056 - aqt.updater - INFO - updater 27904 Patching C:\Users\dante\AppData\Local\Temp\cp-player-toolchain-20260820\qt\6.10.3\msvc2022_64\lib\Qt6Svg.prl
2026-08-20 20:38:41,057 - aqt.updater - INFO - updater 27904 Patching C:\Users\dante\AppData\Local\Temp\cp-player-toolchain-20260820\qt\6.10.3\msvc2022_64\lib\Qt6Svgd.prl
2026-08-20 20:38:41,057 - aqt.updater - INFO - updater 27904 Patching C:\Users\dante\AppData\Local\Temp\cp-player-toolchain-20260820\qt\6.10.3\msvc2022_64\lib\Qt6SvgWidgets.prl
2026-08-20 20:38:41,058 - aqt.updater - INFO - updater 27904 Patching C:\Users\dante\AppData\Local\Temp\cp-player-toolchain-20260820\qt\6.10.3\msvc2022_64\lib\Qt6SvgWidgetsd.prl
2026-08-20 20:38:41,059 - aqt.updater - INFO - updater 27904 Patching C:\Users\dante\AppData\Local\Temp\cp-player-toolchain-20260820\qt\6.10.3\msvc2022_64\lib\Qt6Test.prl
2026-08-20 20:38:41,060 - aqt.updater - INFO - updater 27904 Patching C:\Users\dante\AppData\Local\Temp\cp-player-toolchain-20260820\qt\6.10.3\msvc2022_64\lib\Qt6Testd.prl
2026-08-20 20:38:41,061 - aqt.updater - INFO - updater 27904 Patching C:\Users\dante\AppData\Local\Temp\cp-player-toolchain-20260820\qt\6.10.3\msvc2022_64\lib\Qt6UiTools.prl
2026-08-20 20:38:41,061 - aqt.updater - INFO - updater 27904 Patching C:\Users\dante\AppData\Local\Temp\cp-player-toolchain-20260820\qt\6.10.3\msvc2022_64\lib\Qt6UiToolsd.prl
2026-08-20 20:38:41,062 - aqt.updater - INFO - updater 27904 Patching C:\Users\dante\AppData\Local\Temp\cp-player-toolchain-20260820\qt\6.10.3\msvc2022_64\lib\Qt6Widgets.prl
2026-08-20 20:38:41,063 - aqt.updater - INFO - updater 27904 Patching C:\Users\dante\AppData\Local\Temp\cp-player-toolchain-20260820\qt\6.10.3\msvc2022_64\lib\Qt6Widgetsd.prl
2026-08-20 20:38:41,064 - aqt.updater - INFO - updater 27904 Patching C:\Users\dante\AppData\Local\Temp\cp-player-toolchain-20260820\qt\6.10.3\msvc2022_64\lib\Qt6Xml.prl
2026-08-20 20:38:41,064 - aqt.updater - INFO - updater 27904 Patching C:\Users\dante\AppData\Local\Temp\cp-player-toolchain-20260820\qt\6.10.3\msvc2022_64\lib\Qt6Xmld.prl
2026-08-20 20:38:41,073 - aqt.main - INFO - installer 27904 Finished installation
2026-08-20 20:38:41,073 - aqt.main - INFO - installer 27904 Time elapsed: 66.47931110 second
2026-08-20 20:38:41,608 - aqt.helper - DEBUG - helper 16404 Attempt to download checksum at https://download.qt.io/online/qtsdkrepository/windows_x86/extensions/qtpdf/6103/msvc2022_64/Updates.xml.sha256
2026-08-20 20:38:42,849 - aqt.helper - DEBUG - helper 16404 Attempt to download checksum at https://download.qt.io/online/qtsdkrepository/windows_x86/extensions/qtwebengine/6103/msvc2022_64/Updates.xml.sha256
2026-08-20 20:38:52,169 - aqt.main - INFO - installer 27904 aqtinstall(aqt) v3.3.0 on Python 3.12.8 [CPython MSC v.1942 64 bit (AMD64)]
2026-08-20 20:38:52,170 - aqt.helper - DEBUG - helper 27904 Attempt to download checksum at https://download.qt.io/online/qtsdkrepository/windows_x86/desktop/qt6_6103/qt6_6103/Updates.xml.sha256
2026-08-20 20:38:53,537 - aqt.helper - DEBUG - helper 27904 Attempt to download checksum at https://download.qt.io/online/qtsdkrepository/windows_x86/extensions/qtwebengine/6103/msvc2022_64/Updates.xml.sha256
2026-08-20 20:38:54,816 - aqt.archives - INFO - archives 27904 Found extension qtwebengine
2026-08-20 20:38:54,816 - aqt.helper - DEBUG - helper 27904 Attempt to download checksum at https://download.qt.io/online/qtsdkrepository/windows_x86/extensions/qtpdf/6103/msvc2022_64/Updates.xml.sha256
2026-08-20 20:38:56,052 - aqt.archives - INFO - archives 27904 Found extension qtpdf
2026-08-20 20:38:56,060 - aqt.installer - INFO - installer 27904 DRY RUN: Would download and install the following:
2026-08-20 20:38:56,062 - aqt.installer - INFO - installer 27904   - qtbase: online/qtsdkrepository/windows_x86/desktop/qt6_6103/qt6_6103/qt.qt6.6103.win64_msvc2022_64/6.10.3-0-202603310407qtbase-Windows-Windows_11_24H2-MSVC2022-Windows-Windows_11_24H2-X86_64.7z -> 6.10.3/msvc2022_64
2026-08-20 20:38:56,062 - aqt.installer - INFO - installer 27904   - qtsvg: online/qtsdkrepository/windows_x86/desktop/qt6_6103/qt6_6103/qt.qt6.6103.win64_msvc2022_64/6.10.3-0-202603310407qtsvg-Windows-Windows_11_24H2-MSVC2022-Windows-Windows_11_24H2-X86_64.7z -> 6.10.3/msvc2022_64
2026-08-20 20:38:56,062 - aqt.installer - INFO - installer 27904   - qtdeclarative: online/qtsdkrepository/windows_x86/desktop/qt6_6103/qt6_6103/qt.qt6.6103.win64_msvc2022_64/6.10.3-0-202603310407qtdeclarative-Windows-Windows_11_24H2-MSVC2022-Windows-Windows_11_24H2-X86_64.7z -> 6.10.3/msvc2022_64
2026-08-20 20:38:56,062 - aqt.installer - INFO - installer 27904   - qttools: online/qtsdkrepository/windows_x86/desktop/qt6_6103/qt6_6103/qt.qt6.6103.win64_msvc2022_64/6.10.3-0-202603310407qttools-Windows-Windows_11_24H2-MSVC2022-Windows-Windows_11_24H2-X86_64.7z -> 6.10.3/msvc2022_64
2026-08-20 20:38:56,062 - aqt.installer - INFO - installer 27904   - qttranslations: online/qtsdkrepository/windows_x86/desktop/qt6_6103/qt6_6103/qt.qt6.6103.win64_msvc2022_64/6.10.3-0-202603310407qttranslations-Windows-Windows_11_24H2-MSVC2022-Windows-Windows_11_24H2-X86_64.7z -> 6.10.3/msvc2022_64
2026-08-20 20:38:56,062 - aqt.installer - INFO - installer 27904   - d3dcompiler_47: online/qtsdkrepository/windows_x86/desktop/qt6_6103/qt6_6103/qt.qt6.6103.win64_msvc2022_64/6.10.3-0-202603310407d3dcompiler_47-x64.7z -> 6.10.3/msvc2022_64/bin
2026-08-20 20:38:56,062 - aqt.installer - INFO - installer 27904   - opengl32sw: online/qtsdkrepository/windows_x86/desktop/qt6_6103/qt6_6103/qt.qt6.6103.win64_msvc2022_64/6.10.3-0-202603310407opengl32sw-64-mesa_11_2_2-signed_sha256.7z -> 6.10.3/msvc2022_64/bin
2026-08-20 20:38:56,062 - aqt.installer - INFO - installer 27904 Total packages: 7
2026-08-20 20:39:03,293 - aqt.main - INFO - installer 29868 aqtinstall(aqt) v3.3.0 on Python 3.12.8 [CPython MSC v.1942 64 bit (AMD64)]
2026-08-20 20:39:03,293 - aqt.helper - DEBUG - helper 29868 Attempt to download checksum at https://download.qt.io/online/qtsdkrepository/windows_x86/desktop/qt6_6103/qt6_6103/Updates.xml.sha256
2026-08-20 20:39:04,631 - aqt.helper - DEBUG - helper 29868 Attempt to download checksum at https://download.qt.io/online/qtsdkrepository/windows_x86/extensions/qtwebengine/6103/msvc2022_64/Updates.xml.sha256
2026-08-20 20:39:06,000 - aqt.archives - INFO - archives 29868 Found extension qtwebengine
2026-08-20 20:39:06,000 - aqt.helper - DEBUG - helper 29868 Attempt to download checksum at https://download.qt.io/online/qtsdkrepository/windows_x86/extensions/qtpdf/6103/msvc2022_64/Updates.xml.sha256
2026-08-20 20:39:07,254 - aqt.archives - INFO - archives 29868 Found extension qtpdf
2026-08-20 20:39:07,263 - aqt.installer - INFO - installer 29868 DRY RUN: Would download and install the following:
2026-08-20 20:39:07,264 - aqt.installer - INFO - installer 29868   - qtdeclarative: online/qtsdkrepository/windows_x86/desktop/qt6_6103/qt6_6103/qt.qt6.6103.win64_msvc2022_64/6.10.3-0-202603310407qtdeclarative-Windows-Windows_11_24H2-MSVC2022-Windows-Windows_11_24H2-X86_64.7z -> 6.10.3/msvc2022_64
2026-08-20 20:39:07,264 - aqt.installer - INFO - installer 29868 Total packages: 1
2026-08-20 20:39:11,487 - aqt.main - INFO - installer 39428 aqtinstall(aqt) v3.3.0 on Python 3.12.8 [CPython MSC v.1942 64 bit (AMD64)]
2026-08-20 20:39:11,488 - aqt.helper - DEBUG - helper 39428 Attempt to download checksum at https://download.qt.io/online/qtsdkrepository/windows_x86/desktop/qt6_6103/qt6_6103/Updates.xml.sha256
2026-08-20 20:39:12,873 - aqt.helper - DEBUG - helper 39428 Attempt to download checksum at https://download.qt.io/online/qtsdkrepository/windows_x86/extensions/qtwebengine/6103/msvc2022_64/Updates.xml.sha256
2026-08-20 20:39:14,100 - aqt.archives - INFO - archives 39428 Found extension qtwebengine
2026-08-20 20:39:14,100 - aqt.helper - DEBUG - helper 39428 Attempt to download checksum at https://download.qt.io/online/qtsdkrepository/windows_x86/extensions/qtpdf/6103/msvc2022_64/Updates.xml.sha256
2026-08-20 20:39:15,395 - aqt.archives - INFO - archives 39428 Found extension qtpdf
2026-08-20 20:39:15,742 - aqt.helper - DEBUG - helper 20292 Attempt to download checksum at https://download.qt.io/online/qtsdkrepository/windows_x86/desktop/qt6_6103/qt6_6103/qt.qt6.6103.win64_msvc2022_64/6.10.3-0-202603310407qtdeclarative-Windows-Windows_11_24H2-MSVC2022-Windows-Windows_11_24H2-X86_64.7z.sha256
2026-08-20 20:39:16,389 - aqt.helper - INFO - helper 20292 Downloading qtdeclarative...
2026-08-20 20:39:16,389 - aqt.installer - DEBUG - installer 20292 Download URL: https://download.qt.io/online/qtsdkrepository/windows_x86/desktop/qt6_6103/qt6_6103/qt.qt6.6103.win64_msvc2022_64/6.10.3-0-202603310407qtdeclarative-Windows-Windows_11_24H2-MSVC2022-Windows-Windows_11_24H2-X86_64.7z
2026-08-20 20:39:17,016 - aqt.helper - DEBUG - helper 20292 Asked to redirect(302) to: https://qtproject.mirror.liquidtelecom.com/online/qtsdkrepository/windows_x86/desktop/qt6_6103/qt6_6103/qt.qt6.6103.win64_msvc2022_64/6.10.3-0-202603310407qtdeclarative-Windows-Windows_11_24H2-MSVC2022-Windows-Windows_11_24H2-X86_64.7z
2026-08-20 20:39:17,016 - aqt.helper - INFO - helper 20292 Redirected: qtproject.mirror.liquidtelecom.com
2026-08-20 20:40:22,535 - aqt.installer - INFO - installer 20292 Finished installation of qtdeclarative-Windows-Windows_11_24H2-MSVC2022-Windows-Windows_11_24H2-X86_64.7z in 66.79449980
2026-08-20 20:40:22,609 - aqt.main - INFO - installer 39428 Finished installation
2026-08-20 20:40:22,609 - aqt.main - INFO - installer 39428 Time elapsed: 71.12217780 second
